Archive member included to satisfy reference by file (symbol)

.build/obj_nuphy_air75_v2_ansi_via/uart.a(uart.o)
                              .build/obj_nuphy_air75_v2_ansi_via/rf.o (uart_init)
/usr/lib/gcc/arm-none-eabi/8.3.1/thumb/v6-m/nofp/libgcc.a(_thumb1_case_sqi.o)
                              .build/obj_nuphy_air75_v2_ansi_via/protocol/chibios/usb_main.o (__gnu_thumb1_case_sqi)
/usr/lib/gcc/arm-none-eabi/8.3.1/thumb/v6-m/nofp/libgcc.a(_thumb1_case_uqi.o)
                              .build/obj_nuphy_air75_v2_ansi_via/quantum/action.o (__gnu_thumb1_case_uqi)
/usr/lib/gcc/arm-none-eabi/8.3.1/thumb/v6-m/nofp/libgcc.a(_thumb1_case_uhi.o)
                              .build/obj_nuphy_air75_v2_ansi_via/side.o (__gnu_thumb1_case_uhi)
/usr/lib/gcc/arm-none-eabi/8.3.1/thumb/v6-m/nofp/libgcc.a(_udivsi3.o)
                              .build/obj_nuphy_air75_v2_ansi_via/side.o (__aeabi_uidiv)
/usr/lib/gcc/arm-none-eabi/8.3.1/thumb/v6-m/nofp/libgcc.a(_divsi3.o)
                              .build/obj_nuphy_air75_v2_ansi_via/quantum/color.o (__aeabi_idiv)
/usr/lib/gcc/arm-none-eabi/8.3.1/thumb/v6-m/nofp/libgcc.a(_dvmd_tls.o)
                              /usr/lib/gcc/arm-none-eabi/8.3.1/thumb/v6-m/nofp/libgcc.a(_udivsi3.o) (__aeabi_idiv0)
/usr/lib/gcc/arm-none-eabi/8.3.1/thumb/v6-m/nofp/libgcc.a(_ashldi3.o)
                              .build/obj_nuphy_air75_v2_ansi_via/quantum/process_keycode/process_key_lock.o (__aeabi_llsl)
/usr/lib/gcc/arm-none-eabi/8.3.1/thumb/v6-m/nofp/libgcc.a(_aeabi_ldivmod.o)
                              .build/obj_nuphy_air75_v2_ansi_via/rf.o (__aeabi_ldivmod)
/usr/lib/gcc/arm-none-eabi/8.3.1/thumb/v6-m/nofp/libgcc.a(_aeabi_uldivmod.o)
                              .build/obj_nuphy_air75_v2_ansi_via/rf.o (__aeabi_uldivmod)
/usr/lib/gcc/arm-none-eabi/8.3.1/thumb/v6-m/nofp/libgcc.a(_muldi3.o)
                              .build/obj_nuphy_air75_v2_ansi_via/rf.o (__aeabi_lmul)
/usr/lib/gcc/arm-none-eabi/8.3.1/thumb/v6-m/nofp/libgcc.a(_udivmoddi4.o)
                              /usr/lib/gcc/arm-none-eabi/8.3.1/thumb/v6-m/nofp/libgcc.a(_aeabi_uldivmod.o) (__udivmoddi4)
/usr/lib/gcc/arm-none-eabi/8.3.1/thumb/v6-m/nofp/libgcc.a(bpabi.o)
                              /usr/lib/gcc/arm-none-eabi/8.3.1/thumb/v6-m/nofp/libgcc.a(_aeabi_ldivmod.o) (__gnu_ldivmod_helper)
/usr/lib/gcc/arm-none-eabi/8.3.1/thumb/v6-m/nofp/libgcc.a(_clzdi2.o)
                              /usr/lib/gcc/arm-none-eabi/8.3.1/thumb/v6-m/nofp/libgcc.a(_udivmoddi4.o) (__clzdi2)
/usr/lib/gcc/arm-none-eabi/8.3.1/thumb/v6-m/nofp/libgcc.a(_divdi3.o)
                              /usr/lib/gcc/arm-none-eabi/8.3.1/thumb/v6-m/nofp/libgcc.a(bpabi.o) (__divdi3)
/usr/lib/gcc/arm-none-eabi/8.3.1/thumb/v6-m/nofp/libgcc.a(_clzsi2.o)
                              /usr/lib/gcc/arm-none-eabi/8.3.1/thumb/v6-m/nofp/libgcc.a(_clzdi2.o) (__clzsi2)
/usr/lib/gcc/arm-none-eabi/8.3.1/../../../arm-none-eabi/lib/thumb/v6-m/nofp/libg_nano.a(lib_a-abort.o)
                              .build/obj_nuphy_air75_v2_ansi_via/lib/chibios/os/various/syscalls.o (abort)
/usr/lib/gcc/arm-none-eabi/8.3.1/../../../arm-none-eabi/lib/thumb/v6-m/nofp/libg_nano.a(lib_a-ctype_.o)
                              .build/obj_nuphy_air75_v2_ansi_via/quantum/send_string/send_string.o (_ctype_)
/usr/lib/gcc/arm-none-eabi/8.3.1/../../../arm-none-eabi/lib/thumb/v6-m/nofp/libg_nano.a(lib_a-errno.o)
                              .build/obj_nuphy_air75_v2_ansi_via/platforms/chibios/syscall-fallbacks.o (__errno)
/usr/lib/gcc/arm-none-eabi/8.3.1/../../../arm-none-eabi/lib/thumb/v6-m/nofp/libg_nano.a(lib_a-impure.o)
                              /usr/lib/gcc/arm-none-eabi/8.3.1/../../../arm-none-eabi/lib/thumb/v6-m/nofp/libg_nano.a(lib_a-errno.o) (_impure_ptr)
/usr/lib/gcc/arm-none-eabi/8.3.1/../../../arm-none-eabi/lib/thumb/v6-m/nofp/libg_nano.a(lib_a-memcmp.o)
                              .build/obj_nuphy_air75_v2_ansi_via/rf.o (memcmp)
/usr/lib/gcc/arm-none-eabi/8.3.1/../../../arm-none-eabi/lib/thumb/v6-m/nofp/libg_nano.a(lib_a-memcpy-stub.o)
                              .build/obj_nuphy_air75_v2_ansi_via/rf.o (memcpy)
/usr/lib/gcc/arm-none-eabi/8.3.1/../../../arm-none-eabi/lib/thumb/v6-m/nofp/libg_nano.a(lib_a-memset.o)
                              .build/obj_nuphy_air75_v2_ansi_via/rf.o (memset)
/usr/lib/gcc/arm-none-eabi/8.3.1/../../../arm-none-eabi/lib/thumb/v6-m/nofp/libg_nano.a(lib_a-rand.o)
                              .build/obj_nuphy_air75_v2_ansi_via/quantum/rgb_matrix/rgb_matrix.o (rand)
/usr/lib/gcc/arm-none-eabi/8.3.1/../../../arm-none-eabi/lib/thumb/v6-m/nofp/libg_nano.a(lib_a-signal.o)
                              /usr/lib/gcc/arm-none-eabi/8.3.1/../../../arm-none-eabi/lib/thumb/v6-m/nofp/libg_nano.a(lib_a-abort.o) (raise)
/usr/lib/gcc/arm-none-eabi/8.3.1/../../../arm-none-eabi/lib/thumb/v6-m/nofp/libg_nano.a(lib_a-signalr.o)
[...]
Memory Configuration

Name             Origin             Length             Attributes
flash0           0x0000000008000000 0x0000000000020000 xr
flash1           0x0000000000000000 0x0000000000000000 xr
flash2           0x0000000000000000 0x0000000000000000 xr
flash3           0x0000000000000000 0x0000000000000000 xr
flash4           0x0000000000000000 0x0000000000000000 xr
flash5           0x0000000000000000 0x0000000000000000 xr
flash6           0x0000000000000000 0x0000000000000000 xr
flash7           0x0000000000000000 0x0000000000000000 xr
ram0             0x0000000020000000 0x0000000000004000 xw
ram1             0x0000000000000000 0x0000000000000000 xw
ram2             0x0000000000000000 0x0000000000000000 xw
ram3             0x0000000000000000 0x0000000000000000 xw
ram4             0x0000000000000000 0x0000000000000000 xw
ram5             0x0000000000000000 0x0000000000000000 xw
ram6             0x0000000000000000 0x0000000000000000 xw
ram7             0x0000000000000000 0x0000000000000000 xw
*default*        0x0000000000000000 0xffffffffffffffff

Linker script and memory map

LOAD .build/obj_nuphy_air75_v2_ansi_via/side.o
LOAD .build/obj_nuphy_air75_v2_ansi_via/rf.o
LOAD .build/obj_nuphy_air75_v2_ansi_via/sleep.o
LOAD .build/obj_nuphy_air75_v2_ansi_via/side_driver.o
LOAD .build/obj_nuphy_air75_v2_ansi_via/keyboards/nuphy/air75_v2/ansi/ansi.o
LOAD .build/obj_nuphy_air75_v2_ansi_via/.build/obj_nuphy_air75_v2_ansi_via/src/default_keyboard.o
LOAD .build/obj_nuphy_air75_v2_ansi_via/quantum/keymap_introspection.o
LOAD .build/obj_nuphy_air75_v2_ansi_via/quantum/quantum.o
LOAD .build/obj_nuphy_air75_v2_ansi_via/quantum/bitwise.o
LOAD .build/obj_nuphy_air75_v2_ansi_via/quantum/led.o
LOAD .build/obj_nuphy_air75_v2_ansi_via/quantum/action.o
LOAD .build/obj_nuphy_air75_v2_ansi_via/quantum/action_layer.o
LOAD .build/obj_nuphy_air75_v2_ansi_via/quantum/action_tapping.o
LOAD .build/obj_nuphy_air75_v2_ansi_via/quantum/action_util.o
LOAD .build/obj_nuphy_air75_v2_ansi_via/quantum/eeconfig.o
LOAD .build/obj_nuphy_air75_v2_ansi_via/quantum/keyboard.o
LOAD .build/obj_nuphy_air75_v2_ansi_via/quantum/keymap_common.o
LOAD .build/obj_nuphy_air75_v2_ansi_via/quantum/keycode_config.o
LOAD .build/obj_nuphy_air75_v2_ansi_via/quantum/sync_timer.o
LOAD .build/obj_nuphy_air75_v2_ansi_via/quantum/logging/debug.o
LOAD .build/obj_nuphy_air75_v2_ansi_via/quantum/logging/sendchar.o
LOAD .build/obj_nuphy_air75_v2_ansi_via/quantum/logging/print.o
LOAD .build/obj_nuphy_air75_v2_ansi_via/quantum/bootmagic/bootmagic_lite.o
LOAD .build/obj_nuphy_air75_v2_ansi_via/quantum/bootmagic/magic.o
LOAD .build/obj_nuphy_air75_v2_ansi_via/quantum/matrix_common.o
LOAD .build/obj_nuphy_air75_v2_ansi_via/quantum/matrix.o
LOAD .build/obj_nuphy_air75_v2_ansi_via/quantum/debounce/sym_defer_g.o
LOAD .build/obj_nuphy_air75_v2_ansi_via/quantum/main.o
LOAD .build/obj_nuphy_air75_v2_ansi_via/printf.o
LOAD .build/obj_nuphy_air75_v2_ansi_via/quantum/mousekey.o
LOAD .build/obj_nuphy_air75_v2_ansi_via/eeprom_driver.o
LOAD .build/obj_nuphy_air75_v2_ansi_via/eeprom_legacy_emulated_flash.o
LOAD .build/obj_nuphy_air75_v2_ansi_via/legacy_flash_ops.o
LOAD .build/obj_nuphy_air75_v2_ansi_via/quantum/color.o
LOAD .build/obj_nuphy_air75_v2_ansi_via/quantum/rgb_matrix/rgb_matrix.o
LOAD .build/obj_nuphy_air75_v2_ansi_via/quantum/rgb_matrix/rgb_matrix_drivers.o
LOAD .build/obj_nuphy_air75_v2_ansi_via/lib/lib8tion/lib8tion.o
LOAD .build/obj_nuphy_air75_v2_ansi_via/quantum/process_keycode/process_rgb.o
LOAD .build/obj_nuphy_air75_v2_ansi_via/ws2812_bitbang.o
LOAD .build/obj_nuphy_air75_v2_ansi_via/quantum/led_tables.o
LOAD .build/obj_nuphy_air75_v2_ansi_via/quantum/via.o
LOAD .build/obj_nuphy_air75_v2_ansi_via/quantum/process_keycode/process_magic.o
LOAD .build/obj_nuphy_air75_v2_ansi_via/quantum/send_string/send_string.o
LOAD .build/obj_nuphy_air75_v2_ansi_via/quantum/dynamic_keymap.o
LOAD .build/obj_nuphy_air75_v2_ansi_via/quantum/process_keycode/process_grave_esc.o
LOAD .build/obj_nuphy_air75_v2_ansi_via/quantum/process_keycode/process_key_lock.o
LOAD .build/obj_nuphy_air75_v2_ansi_via/quantum/process_keycode/process_space_cadet.o
LOAD .build/obj_nuphy_air75_v2_ansi_via/quantum/process_keycode/process_tri_layer.o
LOAD .build/obj_nuphy_air75_v2_ansi_via/quantum/tri_layer.o
LOAD .build/obj_nuphy_air75_v2_ansi_via/protocol/host.o
LOAD .build/obj_nuphy_air75_v2_ansi_via/protocol/report.o
LOAD .build/obj_nuphy_air75_v2_ansi_via/protocol/usb_device_state.o
LOAD .build/obj_nuphy_air75_v2_ansi_via/protocol/usb_util.o
LOAD .build/obj_nuphy_air75_v2_ansi_via/platforms/suspend.o
LOAD .build/obj_nuphy_air75_v2_ansi_via/platforms/synchronization_util.o
LOAD .build/obj_nuphy_air75_v2_ansi_via/platforms/timer.o
LOAD .build/obj_nuphy_air75_v2_ansi_via/platforms/chibios/hardware_id.o
LOAD .build/obj_nuphy_air75_v2_ansi_via/platforms/chibios/platform.o
LOAD .build/obj_nuphy_air75_v2_ansi_via/platforms/chibios/suspend.o
LOAD .build/obj_nuphy_air75_v2_ansi_via/platforms/chibios/timer.o
LOAD .build/obj_nuphy_air75_v2_ansi_via/platforms/chibios/bootloaders/stm32_dfu.o
LOAD .build/obj_nuphy_air75_v2_ansi_via/uart.a
LOAD .build/obj_nuphy_air75_v2_ansi_via/./lib/chibios/os/common/startup/ARMCMx/compilers/GCC/crt0_v6m.o
LOAD .build/obj_nuphy_air75_v2_ansi_via/./lib/chibios/os/common/startup/ARMCMx/compilers/GCC/vectors.o
LOAD .build/obj_nuphy_air75_v2_ansi_via/./lib/chibios/os/common/ports/ARMv6-M/compilers/GCC/chcoreasm.o
LOAD .build/obj_nuphy_air75_v2_ansi_via/protocol/chibios/usb_main.o
LOAD .build/obj_nuphy_air75_v2_ansi_via/protocol/chibios/chibios.o
LOAD .build/obj_nuphy_air75_v2_ansi_via/usb_descriptor.o
LOAD .build/obj_nuphy_air75_v2_ansi_via/protocol/chibios/usb_driver.o
LOAD .build/obj_nuphy_air75_v2_ansi_via/protocol/chibios/usb_util.o
LOAD .build/obj_nuphy_air75_v2_ansi_via/./lib/chibios/os/oslib/src/chmboxes.o
LOAD .build/obj_nuphy_air75_v2_ansi_via/./lib/chibios/os/oslib/src/chmemcore.o
LOAD .build/obj_nuphy_air75_v2_ansi_via/./lib/chibios/os/oslib/src/chmemheaps.o
LOAD .build/obj_nuphy_air75_v2_ansi_via/./lib/chibios/os/oslib/src/chmempools.o
LOAD .build/obj_nuphy_air75_v2_ansi_via/./lib/chibios/os/oslib/src/chpipes.o
LOAD .build/obj_nuphy_air75_v2_ansi_via/./lib/chibios/os/oslib/src/chobjcaches.o
LOAD .build/obj_nuphy_air75_v2_ansi_via/./lib/chibios/os/oslib/src/chdelegates.o
LOAD .build/obj_nuphy_air75_v2_ansi_via/./lib/chibios/os/oslib/src/chfactory.o
LOAD .build/obj_nuphy_air75_v2_ansi_via/lib/chibios/os/common/startup/ARMCMx/compilers/GCC/crt1.o
LOAD .build/obj_nuphy_air75_v2_ansi_via/lib/chibios/os/rt/src/chsys.o
LOAD .build/obj_nuphy_air75_v2_ansi_via/lib/chibios/os/rt/src/chrfcu.o
LOAD .build/obj_nuphy_air75_v2_ansi_via/lib/chibios/os/rt/src/chdebug.o
LOAD .build/obj_nuphy_air75_v2_ansi_via/lib/chibios/os/rt/src/chtrace.o
LOAD .build/obj_nuphy_air75_v2_ansi_via/lib/chibios/os/rt/src/chvt.o
LOAD .build/obj_nuphy_air75_v2_ansi_via/lib/chibios/os/rt/src/chschd.o
LOAD .build/obj_nuphy_air75_v2_ansi_via/lib/chibios/os/rt/src/chinstances.o
LOAD .build/obj_nuphy_air75_v2_ansi_via/lib/chibios/os/rt/src/chthreads.o
LOAD .build/obj_nuphy_air75_v2_ansi_via/lib/chibios/os/rt/src/chtm.o
LOAD .build/obj_nuphy_air75_v2_ansi_via/lib/chibios/os/rt/src/chstats.o
LOAD .build/obj_nuphy_air75_v2_ansi_via/lib/chibios/os/rt/src/chregistry.o
LOAD .build/obj_nuphy_air75_v2_ansi_via/lib/chibios/os/rt/src/chsem.o
LOAD .build/obj_nuphy_air75_v2_ansi_via/lib/chibios/os/rt/src/chmtx.o
LOAD .build/obj_nuphy_air75_v2_ansi_via/lib/chibios/os/rt/src/chcond.o
LOAD .build/obj_nuphy_air75_v2_ansi_via/lib/chibios/os/rt/src/chevents.o
LOAD .build/obj_nuphy_air75_v2_ansi_via/lib/chibios/os/rt/src/chmsg.o
LOAD .build/obj_nuphy_air75_v2_ansi_via/lib/chibios/os/rt/src/chdynamic.o
LOAD .build/obj_nuphy_air75_v2_ansi_via/lib/chibios/os/common/ports/ARMv6-M/chcore.o
LOAD .build/obj_nuphy_air75_v2_ansi_via/lib/chibios/os/hal/osal/rt-nil/osal.o
LOAD .build/obj_nuphy_air75_v2_ansi_via/lib/chibios/os/hal/src/hal.o
LOAD .build/obj_nuphy_air75_v2_ansi_via/lib/chibios/os/hal/src/hal_st.o
LOAD .build/obj_nuphy_air75_v2_ansi_via/lib/chibios/os/hal/src/hal_buffers.o
LOAD .build/obj_nuphy_air75_v2_ansi_via/lib/chibios/os/hal/src/hal_queues.o
LOAD .build/obj_nuphy_air75_v2_ansi_via/lib/chibios/os/hal/src/hal_flash.o
LOAD .build/obj_nuphy_air75_v2_ansi_via/lib/chibios/os/hal/src/hal_mmcsd.o
LOAD .build/obj_nuphy_air75_v2_ansi_via/lib/chibios/os/hal/src/hal_adc.o
LOAD .build/obj_nuphy_air75_v2_ansi_via/lib/chibios/os/hal/src/hal_can.o
LOAD .build/obj_nuphy_air75_v2_ansi_via/lib/chibios/os/hal/src/hal_crypto.o
LOAD .build/obj_nuphy_air75_v2_ansi_via/lib/chibios/os/hal/src/hal_dac.o
LOAD .build/obj_nuphy_air75_v2_ansi_via/lib/chibios/os/hal/src/hal_efl.o
LOAD .build/obj_nuphy_air75_v2_ansi_via/lib/chibios/os/hal/src/hal_gpt.o
LOAD .build/obj_nuphy_air75_v2_ansi_via/lib/chibios/os/hal/src/hal_i2c.o
LOAD .build/obj_nuphy_air75_v2_ansi_via/lib/chibios/os/hal/src/hal_i2s.o
LOAD .build/obj_nuphy_air75_v2_ansi_via/lib/chibios/os/hal/src/hal_icu.o
LOAD .build/obj_nuphy_air75_v2_ansi_via/lib/chibios/os/hal/src/hal_mac.o
LOAD .build/obj_nuphy_air75_v2_ansi_via/lib/chibios/os/hal/src/hal_mmc_spi.o
LOAD .build/obj_nuphy_air75_v2_ansi_via/lib/chibios/os/hal/src/hal_pal.o
LOAD .build/obj_nuphy_air75_v2_ansi_via/lib/chibios/os/hal/src/hal_pwm.o
LOAD .build/obj_nuphy_air75_v2_ansi_via/lib/chibios/os/hal/src/hal_rtc.o
LOAD .build/obj_nuphy_air75_v2_ansi_via/lib/chibios/os/hal/src/hal_sdc.o
LOAD .build/obj_nuphy_air75_v2_ansi_via/lib/chibios/os/hal/src/hal_serial.o
LOAD .build/obj_nuphy_air75_v2_ansi_via/lib/chibios/os/hal/src/hal_serial_usb.o
LOAD .build/obj_nuphy_air75_v2_ansi_via/lib/chibios/os/hal/src/hal_sio.o
LOAD .build/obj_nuphy_air75_v2_ansi_via/lib/chibios/os/hal/src/hal_spi.o
LOAD .build/obj_nuphy_air75_v2_ansi_via/lib/chibios/os/hal/src/hal_trng.o
LOAD .build/obj_nuphy_air75_v2_ansi_via/lib/chibios/os/hal/src/hal_uart.o
LOAD .build/obj_nuphy_air75_v2_ansi_via/lib/chibios/os/hal/src/hal_usb.o
LOAD .build/obj_nuphy_air75_v2_ansi_via/lib/chibios/os/hal/src/hal_wdg.o
LOAD .build/obj_nuphy_air75_v2_ansi_via/lib/chibios/os/hal/src/hal_wspi.o
LOAD .build/obj_nuphy_air75_v2_ansi_via/lib/chibios/os/hal/ports/common/ARMCMx/nvic.o
LOAD .build/obj_nuphy_air75_v2_ansi_via/lib/chibios/os/hal/ports/STM32/STM32F0xx/stm32_isr.o
LOAD .build/obj_nuphy_air75_v2_ansi_via/lib/chibios/os/hal/ports/STM32/STM32F0xx/hal_lld.o
LOAD .build/obj_nuphy_air75_v2_ansi_via/lib/chibios/os/hal/ports/STM32/STM32F0xx/hal_efl_lld.o
LOAD .build/obj_nuphy_air75_v2_ansi_via/lib/chibios/os/hal/ports/STM32/LLD/ADCv1/hal_adc_lld.o
LOAD .build/obj_nuphy_air75_v2_ansi_via/lib/chibios/os/hal/ports/STM32/LLD/CANv1/hal_can_lld.o
LOAD .build/obj_nuphy_air75_v2_ansi_via/lib/chibios/os/hal/ports/STM32/LLD/DACv1/hal_dac_lld.o
LOAD .build/obj_nuphy_air75_v2_ansi_via/lib/chibios/os/hal/ports/STM32/LLD/DMAv1/stm32_dma.o
LOAD .build/obj_nuphy_air75_v2_ansi_via/lib/chibios/os/hal/ports/STM32/LLD/EXTIv1/stm32_exti.o
LOAD .build/obj_nuphy_air75_v2_ansi_via/lib/chibios/os/hal/ports/STM32/LLD/GPIOv2/hal_pal_lld.o
LOAD .build/obj_nuphy_air75_v2_ansi_via/lib/chibios/os/hal/ports/STM32/LLD/I2Cv2/hal_i2c_lld.o
LOAD .build/obj_nuphy_air75_v2_ansi_via/lib/chibios/os/hal/ports/STM32/LLD/RTCv2/hal_rtc_lld.o
LOAD .build/obj_nuphy_air75_v2_ansi_via/lib/chibios/os/hal/ports/STM32/LLD/SPIv2/hal_i2s_lld.o
LOAD .build/obj_nuphy_air75_v2_ansi_via/lib/chibios/os/hal/ports/STM32/LLD/SPIv2/hal_spi_v2_lld.o
LOAD .build/obj_nuphy_air75_v2_ansi_via/lib/chibios/os/hal/ports/STM32/LLD/SYSTICKv1/hal_st_lld.o
LOAD .build/obj_nuphy_air75_v2_ansi_via/lib/chibios/os/hal/ports/STM32/LLD/TIMv1/hal_gpt_lld.o
LOAD .build/obj_nuphy_air75_v2_ansi_via/lib/chibios/os/hal/ports/STM32/LLD/TIMv1/hal_icu_lld.o
LOAD .build/obj_nuphy_air75_v2_ansi_via/lib/chibios/os/hal/ports/STM32/LLD/TIMv1/hal_pwm_lld.o
LOAD .build/obj_nuphy_air75_v2_ansi_via/lib/chibios/os/hal/ports/STM32/LLD/USARTv2/hal_serial_lld.o
LOAD .build/obj_nuphy_air75_v2_ansi_via/lib/chibios/os/hal/ports/STM32/LLD/USARTv2/hal_sio_lld.o
LOAD .build/obj_nuphy_air75_v2_ansi_via/lib/chibios/os/hal/ports/STM32/LLD/USARTv2/hal_uart_lld.o
LOAD .build/obj_nuphy_air75_v2_ansi_via/lib/chibios/os/hal/ports/STM32/LLD/USBv1/hal_usb_lld.o
LOAD .build/obj_nuphy_air75_v2_ansi_via/lib/chibios/os/hal/ports/STM32/LLD/xWDGv1/hal_wdg_lld.o
LOAD .build/obj_nuphy_air75_v2_ansi_via/lib/chibios/os/hal/boards/ST_NUCLEO64_F072RB/board.o
LOAD .build/obj_nuphy_air75_v2_ansi_via/lib/chibios/os/hal/lib/streams/chprintf.o
LOAD .build/obj_nuphy_air75_v2_ansi_via/lib/chibios/os/hal/lib/streams/chscanf.o
LOAD .build/obj_nuphy_air75_v2_ansi_via/lib/chibios/os/hal/lib/streams/memstreams.o
LOAD .build/obj_nuphy_air75_v2_ansi_via/lib/chibios/os/hal/lib/streams/nullstreams.o
LOAD .build/obj_nuphy_air75_v2_ansi_via/lib/chibios/os/hal/lib/streams/bufstreams.o
LOAD .build/obj_nuphy_air75_v2_ansi_via/lib/chibios/os/various/syscalls.o
LOAD .build/obj_nuphy_air75_v2_ansi_via/platforms/chibios/syscall-fallbacks.o
LOAD .build/obj_nuphy_air75_v2_ansi_via/platforms/chibios/wait.o
LOAD .build/obj_nuphy_air75_v2_ansi_via/platforms/chibios/synchronization_util.o
                0x0000000000000800                __process_stack_size__ = 0x800
                0x0000000000000400                __main_stack_size__ = 0x400
LOAD /usr/lib/gcc/arm-none-eabi/8.3.1/../../../arm-none-eabi/lib/thumb/v6-m/nofp/libm.a
START GROUP
LOAD /usr/lib/gcc/arm-none-eabi/8.3.1/thumb/v6-m/nofp/libgcc.a
LOAD /usr/lib/gcc/arm-none-eabi/8.3.1/../../../arm-none-eabi/lib/thumb/v6-m/nofp/libg_nano.a
LOAD /usr/lib/gcc/arm-none-eabi/8.3.1/../../../arm-none-eabi/lib/thumb/v6-m/nofp/libc_nano.a
END GROUP
START GROUP
LOAD /usr/lib/gcc/arm-none-eabi/8.3.1/thumb/v6-m/nofp/libgcc.a
LOAD /usr/lib/gcc/arm-none-eabi/8.3.1/../../../arm-none-eabi/lib/thumb/v6-m/nofp/libc_nano.a
END GROUP

.mstack         0x0000000020000000      0x400
                0x0000000020000000                . = ALIGN (0x8)
                0x0000000020000000                __main_stack_base__ = .
                0x0000000020000400                . = (. + __main_stack_size__)
 *fill*         0x0000000020000000      0x400 
                0x0000000020000400                . = ALIGN (0x8)
                0x0000000020000400                __main_stack_end__ = .

.pstack         0x0000000020000400      0x800
                0x0000000020000400                . = ALIGN (0x8)
                0x0000000020000400                __process_stack_base__ = .
                0x0000000020000400                __main_thread_stack_base__ = .
                0x0000000020000c00                . = (. + __process_stack_size__)
 *fill*         0x0000000020000400      0x800 
                0x0000000020000c00                . = ALIGN (0x8)
                0x0000000020000c00                __process_stack_end__ = .
                0x0000000020000c00                __main_thread_stack_end__ = .

.vectors        0x0000000008000000       0xc0
                0x0000000008000000                __textvectors_base__ = LOADADDR (.vectors)
                0x0000000008000000                __vectors_base__ = .
 *(.vectors)
 .vectors       0x0000000008000000       0xc0 .build/obj_nuphy_air75_v2_ansi_via/./lib/chibios/os/common/startup/ARMCMx/compilers/GCC/vectors.o
                0x0000000008000000                _vectors
                0x00000000080000c0                __vectors_end__ = .

.xtors          0x00000000080000c0        0x0
                0x00000000080000c0                __init_array_base__ = .
 *(SORT_BY_NAME(.init_array.*))
 *(.init_array)
                0x00000000080000c0                __init_array_end__ = .
                0x00000000080000c0                __fini_array_base__ = .
 *(.fini_array)
 *(SORT_BY_NAME(.fini_array.*))
                0x00000000080000c0                __fini_array_end__ = .

.text           0x00000000080000c0     0xd502
                0x00000000080000c0                __text_base__ = .
 *(.text)
 .text          0x00000000080000c0       0xd0 .build/obj_nuphy_air75_v2_ansi_via/./lib/chibios/os/common/startup/ARMCMx/compilers/GCC/crt0_v6m.o
                0x00000000080000c0                _crt0_entry
 .text          0x0000000008000190        0x8 .build/obj_nuphy_air75_v2_ansi_via/./lib/chibios/os/common/startup/ARMCMx/compilers/GCC/vectors.o
                0x0000000008000190                Reset_Handler
                0x0000000008000192                Vector58
                0x0000000008000192                Vector9C
                0x0000000008000192                DebugMon_Handler
                0x0000000008000192                Vector5C
                0x0000000008000192                HardFault_Handler
                0x0000000008000192                Vector8C
                0x0000000008000192                SysTick_Handler
                0x0000000008000192                PendSV_Handler
                0x0000000008000192                Vector94
                0x0000000008000192                VectorA8
                0x0000000008000192                Vector74
                0x0000000008000192                UsageFault_Handler
                0x0000000008000192                Vector40
                0x0000000008000192                Vector64
                0x0000000008000192                Vector54
                0x0000000008000192                Vector98
                0x0000000008000192                Vector24
                0x0000000008000192                Vector84
                0x0000000008000192                SecureFault_Handler
                0x0000000008000192                MemManage_Handler
                0x0000000008000192                Vector6C
                0x0000000008000192                VectorA0
                0x0000000008000192                SVC_Handler
                0x0000000008000192                Vector90
                0x0000000008000192                Vector60
                0x0000000008000192                Vector48
                0x0000000008000192                Vector70
                0x0000000008000192                Vector4C
                0x0000000008000192                Vector80
                0x0000000008000192                Vector68
                0x0000000008000192                Vector78
                0x0000000008000192                Vector88
                0x0000000008000192                BusFault_Handler
                0x0000000008000192                Vector50
                0x0000000008000192                Vector44
                0x0000000008000192                Vector28
                0x0000000008000192                VectorB8
                0x0000000008000192                Vector34
                0x0000000008000192                VectorA4
                0x0000000008000192                Vector20
                0x0000000008000196                _unhandled_exception
 .text          0x0000000008000198       0x44 .build/obj_nuphy_air75_v2_ansi_via/./lib/chibios/os/common/ports/ARMv6-M/compilers/GCC/chcoreasm.o
                0x0000000008000198                __port_switch
                0x00000000080001b8                __port_thread_start
                0x00000000080001c6                __port_switch_from_isr
                0x00000000080001ca                __port_exit_from_isr
 .text          0x00000000080001dc       0x14 /usr/lib/gcc/arm-none-eabi/8.3.1/thumb/v6-m/nofp/libgcc.a(_thumb1_case_sqi.o)
                0x00000000080001dc                __gnu_thumb1_case_sqi
 .text          0x00000000080001f0       0x14 /usr/lib/gcc/arm-none-eabi/8.3.1/thumb/v6-m/nofp/libgcc.a(_thumb1_case_uqi.o)
                0x00000000080001f0                __gnu_thumb1_case_uqi
 .text          0x0000000008000204       0x14 /usr/lib/gcc/arm-none-eabi/8.3.1/thumb/v6-m/nofp/libgcc.a(_thumb1_case_uhi.o)
                0x0000000008000204                __gnu_thumb1_case_uhi
 .text          0x0000000008000218      0x114 /usr/lib/gcc/arm-none-eabi/8.3.1/thumb/v6-m/nofp/libgcc.a(_udivsi3.o)
                0x0000000008000218                __udivsi3
                0x0000000008000218                __aeabi_uidiv
                0x0000000008000324                __aeabi_uidivmod
 .text          0x000000000800032c      0x1d4 /usr/lib/gcc/arm-none-eabi/8.3.1/thumb/v6-m/nofp/libgcc.a(_divsi3.o)
                0x000000000800032c                __aeabi_idiv
                0x000000000800032c                __divsi3
                0x00000000080004f8                __aeabi_idivmod
 .text          0x0000000008000500        0x4 /usr/lib/gcc/arm-none-eabi/8.3.1/thumb/v6-m/nofp/libgcc.a(_dvmd_tls.o)
                0x0000000008000500                __aeabi_ldiv0
                0x0000000008000500                __aeabi_idiv0
 .text          0x0000000008000504       0x18 /usr/lib/gcc/arm-none-eabi/8.3.1/thumb/v6-m/nofp/libgcc.a(_ashldi3.o)
                0x0000000008000504                __ashldi3
                0x0000000008000504                __aeabi_llsl
 .text          0x000000000800051c       0x40 /usr/lib/gcc/arm-none-eabi/8.3.1/thumb/v6-m/nofp/libgcc.a(_aeabi_uldivmod.o)
                0x000000000800051c                __aeabi_uldivmod
 .text          0x000000000800055c       0x54 /usr/lib/gcc/arm-none-eabi/8.3.1/thumb/v6-m/nofp/libgcc.a(_muldi3.o)
                0x000000000800055c                __aeabi_lmul
                0x000000000800055c                __muldi3
 .text          0x00000000080005b0      0x1a4 /usr/lib/gcc/arm-none-eabi/8.3.1/thumb/v6-m/nofp/libgcc.a(_udivmoddi4.o)
                0x00000000080005b0                __udivmoddi4
 .text          0x0000000008000754       0x18 /usr/lib/gcc/arm-none-eabi/8.3.1/thumb/v6-m/nofp/libgcc.a(_clzdi2.o)
                0x0000000008000754                __clzdi2
 .text          0x000000000800076c       0x3c /usr/lib/gcc/arm-none-eabi/8.3.1/thumb/v6-m/nofp/libgcc.a(_clzsi2.o)
                0x000000000800076c                __clzsi2
 .text          0x00000000080007a8       0x10 /usr/lib/gcc/arm-none-eabi/8.3.1/../../../arm-none-eabi/lib/thumb/v6-m/nofp/libg_nano.a(lib_a-abort.o)
                0x00000000080007a8                abort
 .text          0x00000000080007b8       0x50 /usr/lib/gcc/arm-none-eabi/8.3.1/../../../arm-none-eabi/lib/thumb/v6-m/nofp/libg_nano.a(lib_a-memcmp.o)
                0x00000000080007b8                memcmp
 .text          0x0000000008000808       0xa8 /usr/lib/gcc/arm-none-eabi/8.3.1/../../../arm-none-eabi/lib/thumb/v6-m/nofp/libg_nano.a(lib_a-memcpy-stub.o)
                0x0000000008000808                memcpy
 .text          0x00000000080008b0       0xa8 /usr/lib/gcc/arm-none-eabi/8.3.1/../../../arm-none-eabi/lib/thumb/v6-m/nofp/libg_nano.a(lib_a-memset.o)
                0x00000000080008b0                memset
 .text          0x0000000008000958       0xe8 /usr/lib/gcc/arm-none-eabi/8.3.1/../../../arm-none-eabi/lib/thumb/v6-m/nofp/libg_nano.a(lib_a-rand.o)
                0x0000000008000958                srand
                0x00000000080009b8                rand
 .text          0x0000000008000a40      0x178 /usr/lib/gcc/arm-none-eabi/8.3.1/../../../arm-none-eabi/lib/thumb/v6-m/nofp/libg_nano.a(lib_a-signal.o)
                0x0000000008000a68                _init_signal_r
                0x0000000008000a80                _signal_r
                0x0000000008000ab8                _raise_r
                0x0000000008000b10                __sigtramp_r
                0x0000000008000b5c                raise
                0x0000000008000b70                signal
                0x0000000008000b88                _init_signal
                0x0000000008000ba4                __sigtramp
 .text          0x0000000008000bb8       0x30 /usr/lib/gcc/arm-none-eabi/8.3.1/../../../arm-none-eabi/lib/thumb/v6-m/nofp/libg_nano.a(lib_a-signalr.o)
                0x0000000008000bb8                _kill_r
                0x0000000008000be0                _getpid_r
 .text          0x0000000008000be8       0x4c /usr/lib/gcc/arm-none-eabi/8.3.1/../../../arm-none-eabi/lib/thumb/v6-m/nofp/libg_nano.a(lib_a-assert.o)
                0x0000000008000be8                __assert_func
                0x0000000008000c28                __assert
 .text          0x0000000008000c34       0x3c /usr/lib/gcc/arm-none-eabi/8.3.1/../../../arm-none-eabi/lib/thumb/v6-m/nofp/libg_nano.a(lib_a-fprintf.o)
                0x0000000008000c34                _fprintf_r
                0x0000000008000c34                _fiprintf_r
                0x0000000008000c4c                fprintf
                0x0000000008000c4c                fiprintf
 .text          0x0000000008000c70       0x28 /usr/lib/gcc/arm-none-eabi/8.3.1/../../../arm-none-eabi/lib/thumb/v6-m/nofp/libg_nano.a(lib_a-malloc.o)
                0x0000000008000c70                malloc
                0x0000000008000c84                free
 .text          0x0000000008000c98       0xac /usr/lib/gcc/arm-none-eabi/8.3.1/../../../arm-none-eabi/lib/thumb/v6-m/nofp/libg_nano.a(lib_a-nano-freer.o)
                0x0000000008000c98                _free_r
 .text          0x0000000008000d44       0xcc /usr/lib/gcc/arm-none-eabi/8.3.1/../../../arm-none-eabi/lib/thumb/v6-m/nofp/libg_nano.a(lib_a-nano-mallocr.o)
                0x0000000008000d44                _malloc_r
 .text          0x0000000008000e10      0x384 /usr/lib/gcc/arm-none-eabi/8.3.1/../../../arm-none-eabi/lib/thumb/v6-m/nofp/libg_nano.a(lib_a-nano-vfprintf.o)
                0x0000000008000e38                __sfputs_r
                0x0000000008000e64                __sprint_r
                0x0000000008000e80                _vfiprintf_r
                0x0000000008000e80                _vfprintf_r
                0x000000000800117c                vfiprintf
                0x000000000800117c                vfprintf
 .text          0x0000000008001194      0x3d8 /usr/lib/gcc/arm-none-eabi/8.3.1/../../../arm-none-eabi/lib/thumb/v6-m/nofp/libg_nano.a(lib_a-nano-vfprintf_i.o)
                0x0000000008001194                _printf_common
                0x00000000080012c4                _printf_i
 .text          0x000000000800156c       0xec /usr/lib/gcc/arm-none-eabi/8.3.1/../../../arm-none-eabi/lib/thumb/v6-m/nofp/libg_nano.a(lib_a-wbuf.o)
                0x000000000800156c                __swbuf_r
                0x0000000008001640                __swbuf
 .text          0x0000000008001658      0x10c /usr/lib/gcc/arm-none-eabi/8.3.1/../../../arm-none-eabi/lib/thumb/v6-m/nofp/libg_nano.a(lib_a-wsetup.o)
                0x0000000008001658                __swsetup_r
 .text          0x0000000008001764      0x1b8 /usr/lib/gcc/arm-none-eabi/8.3.1/../../../arm-none-eabi/lib/thumb/v6-m/nofp/libg_nano.a(lib_a-fflush.o)
                0x0000000008001764                __sflush_r
                0x0000000008001898                _fflush_r
                0x00000000080018f4                fflush
 .text          0x000000000800191c      0x240 /usr/lib/gcc/arm-none-eabi/8.3.1/../../../arm-none-eabi/lib/thumb/v6-m/nofp/libg_nano.a(lib_a-findfp.o)
                0x0000000008001920                _cleanup_r
                0x0000000008001934                __sfmoreglue
                0x0000000008001964                __sfp
                0x0000000008001af4                _cleanup
                0x0000000008001b0c                __sinit
                0x0000000008001b1c                __sfp_lock_acquire
                0x0000000008001b20                __sfp_lock_release
                0x0000000008001b24                __sinit_lock_acquire
                0x0000000008001b28                __sinit_lock_release
                0x0000000008001b2c                __fp_lock_all
                0x0000000008001b44                __fp_unlock_all
 .text          0x0000000008001b5c      0x320 /usr/lib/gcc/arm-none-eabi/8.3.1/../../../arm-none-eabi/lib/thumb/v6-m/nofp/libg_nano.a(lib_a-fvwrite.o)
                0x0000000008001b5c                __sfvwrite_r
 .text          0x0000000008001e7c       0x90 /usr/lib/gcc/arm-none-eabi/8.3.1/../../../arm-none-eabi/lib/thumb/v6-m/nofp/libg_nano.a(lib_a-fwalk.o)
                0x0000000008001e7c                _fwalk
                0x0000000008001ec0                _fwalk_reent
 .text          0x0000000008001f0c       0xe0 /usr/lib/gcc/arm-none-eabi/8.3.1/../../../arm-none-eabi/lib/thumb/v6-m/nofp/libg_nano.a(lib_a-makebuf.o)
                0x0000000008001f0c                __swhatbuf_r
                0x0000000008001f5c                __smakebuf_r
 .text          0x0000000008001fec       0x80 /usr/lib/gcc/arm-none-eabi/8.3.1/../../../arm-none-eabi/lib/thumb/v6-m/nofp/libg_nano.a(lib_a-memchr-stub.o)
                0x0000000008001fec                memchr
 .text          0x000000000800206c       0xbc /usr/lib/gcc/arm-none-eabi/8.3.1/../../../arm-none-eabi/lib/thumb/v6-m/nofp/libg_nano.a(lib_a-memmove.o)
                0x000000000800206c                memmove
 .text          0x0000000008002128        0x8 /usr/lib/gcc/arm-none-eabi/8.3.1/../../../arm-none-eabi/lib/thumb/v6-m/nofp/libg_nano.a(lib_a-mlock.o)
                0x0000000008002128                __malloc_lock
                0x000000000800212c                __malloc_unlock
 .text          0x0000000008002130       0x50 /usr/lib/gcc/arm-none-eabi/8.3.1/../../../arm-none-eabi/lib/thumb/v6-m/nofp/libg_nano.a(lib_a-nano-reallocr.o)
                0x0000000008002130                _realloc_r
 .text          0x0000000008002180       0xa4 /usr/lib/gcc/arm-none-eabi/8.3.1/../../../arm-none-eabi/lib/thumb/v6-m/nofp/libg_nano.a(lib_a-stdio.o)
                0x0000000008002180                __sread
                0x00000000080021a8                __seofread
                0x00000000080021ac                __swrite
                0x00000000080021ec                __sseek
                0x0000000008002218                __sclose
 .text          0x0000000008002224       0x14 /usr/lib/gcc/arm-none-eabi/8.3.1/../../../arm-none-eabi/lib/thumb/v6-m/nofp/libg_nano.a(lib_a-nano-msizer.o)
                0x0000000008002224                _malloc_usable_size_r
 *(.text.*)
 .text.count_rgb_light
                0x0000000008002238       0x34 .build/obj_nuphy_air75_v2_ansi_via/side.o
 .text.side_rgb_refresh
                0x000000000800226c       0x10 .build/obj_nuphy_air75_v2_ansi_via/side.o
                0x000000000800226c                side_rgb_refresh
 .text.side_light_contol
                0x000000000800227c       0x30 .build/obj_nuphy_air75_v2_ansi_via/side.o
                0x000000000800227c                side_light_contol
 .text.side_speed_contol
                0x00000000080022ac       0x38 .build/obj_nuphy_air75_v2_ansi_via/side.o
                0x00000000080022ac                side_speed_contol
 .text.side_colour_control
                0x00000000080022e4       0x74 .build/obj_nuphy_air75_v2_ansi_via/side.o
                0x00000000080022e4                side_colour_control
 .text.side_mode_control
                0x0000000008002358       0x44 .build/obj_nuphy_air75_v2_ansi_via/side.o
                0x0000000008002358                side_mode_control
 .text.set_left_rgb
                0x000000000800239c       0x20 .build/obj_nuphy_air75_v2_ansi_via/side.o
                0x000000000800239c                set_left_rgb
 .text.set_right_rgb
                0x00000000080023bc       0x20 .build/obj_nuphy_air75_v2_ansi_via/side.o
                0x00000000080023bc                set_right_rgb
 .text.sys_sw_led_show
                0x00000000080023dc       0xa0 .build/obj_nuphy_air75_v2_ansi_via/side.o
                0x00000000080023dc                sys_sw_led_show
 .text.sleep_sw_led_show
                0x000000000800247c       0xa0 .build/obj_nuphy_air75_v2_ansi_via/side.o
                0x000000000800247c                sleep_sw_led_show
 .text.sys_led_show
                0x000000000800251c       0x2c .build/obj_nuphy_air75_v2_ansi_via/side.o
                0x000000000800251c                sys_led_show
 .text.rf_led_show
                0x0000000008002548       0xbc .build/obj_nuphy_air75_v2_ansi_via/side.o
                0x0000000008002548                rf_led_show
 .text.bat_num_led
                0x0000000008002604       0xc6 .build/obj_nuphy_air75_v2_ansi_via/side.o
                0x0000000008002604                bat_num_led
 *fill*         0x00000000080026ca        0x2 
 .text.num_led_show
                0x00000000080026cc       0x10 .build/obj_nuphy_air75_v2_ansi_via/side.o
                0x00000000080026cc                num_led_show
 .text.bat_percent_led
                0x00000000080026dc       0x90 .build/obj_nuphy_air75_v2_ansi_via/side.o
                0x00000000080026dc                bat_percent_led
 .text.bat_led_show
                0x000000000800276c      0x180 .build/obj_nuphy_air75_v2_ansi_via/side.o
                0x000000000800276c                bat_led_show
 .text.device_reset_show
                0x00000000080028ec       0x94 .build/obj_nuphy_air75_v2_ansi_via/side.o
                0x00000000080028ec                device_reset_show
 .text.device_reset_init
                0x0000000008002980       0x9c .build/obj_nuphy_air75_v2_ansi_via/side.o
                0x0000000008002980                device_reset_init
 .text.rgb_test_show
                0x0000000008002a1c      0x168 .build/obj_nuphy_air75_v2_ansi_via/side.o
                0x0000000008002a1c                rgb_test_show
 .text.side_led_show
                0x0000000008002b84      0x3cc .build/obj_nuphy_air75_v2_ansi_via/side.o
                0x0000000008002b84                side_led_show
 .text.RF_Protocol_Receive
                0x0000000008002f50      0x14c .build/obj_nuphy_air75_v2_ansi_via/rf.o
                0x0000000008002f50                RF_Protocol_Receive
 .text.UART_Send_Bytes
                0x000000000800309c       0x64 .build/obj_nuphy_air75_v2_ansi_via/rf.o
                0x000000000800309c                UART_Send_Bytes
 .text.get_checksum
                0x0000000008003100       0x18 .build/obj_nuphy_air75_v2_ansi_via/rf.o
                0x0000000008003100                get_checksum
 .text.uart_send_cmd
                0x0000000008003118      0x18c .build/obj_nuphy_air75_v2_ansi_via/rf.o
                0x0000000008003118                uart_send_cmd
 .text.dev_sts_sync
                0x00000000080032a4      0x130 .build/obj_nuphy_air75_v2_ansi_via/rf.o
                0x00000000080032a4                dev_sts_sync
 .text.uart_send_report
                0x00000000080033d4       0x64 .build/obj_nuphy_air75_v2_ansi_via/rf.o
                0x00000000080033d4                uart_send_report
 .text.uart_send_consumer_report
                0x0000000008003438       0x24 .build/obj_nuphy_air75_v2_ansi_via/rf.o
                0x0000000008003438                uart_send_consumer_report
 .text.uart_send_mouse_report
                0x000000000800345c       0x34 .build/obj_nuphy_air75_v2_ansi_via/rf.o
                0x000000000800345c                uart_send_mouse_report
 .text.uart_send_system_report
                0x0000000008003490       0x24 .build/obj_nuphy_air75_v2_ansi_via/rf.o
                0x0000000008003490                uart_send_system_report
 .text.uart_send_report_func
                0x00000000080034b4      0x1bc .build/obj_nuphy_air75_v2_ansi_via/rf.o
                0x00000000080034b4                uart_send_report_func
 .text.uart_receive_pro
                0x0000000008003670       0x5c .build/obj_nuphy_air75_v2_ansi_via/rf.o
                0x0000000008003670                uart_receive_pro
 .text.rf_uart_init
                0x00000000080036cc       0x48 .build/obj_nuphy_air75_v2_ansi_via/rf.o
                0x00000000080036cc                rf_uart_init
 .text.rf_device_init
                0x0000000008003714       0xb0 .build/obj_nuphy_air75_v2_ansi_via/rf.o
                0x0000000008003714                rf_device_init
 .text.sleep_handle
                0x00000000080037c4      0x178 .build/obj_nuphy_air75_v2_ansi_via/sleep.o
                0x00000000080037c4                sleep_handle
 .text.side_sendByte
                0x000000000800393c       0x80 .build/obj_nuphy_air75_v2_ansi_via/side_driver.o
                0x000000000800393c                side_sendByte
 .text.side_ws2812_setleds
                0x00000000080039bc       0x4a .build/obj_nuphy_air75_v2_ansi_via/side_driver.o
                0x00000000080039bc                side_ws2812_setleds
 *fill*         0x0000000008003a06        0x2 
 .text.gpio_init
                0x0000000008003a08       0x90 .build/obj_nuphy_air75_v2_ansi_via/keyboards/nuphy/air75_v2/ansi/ansi.o
                0x0000000008003a08                gpio_init
 .text.long_press_key
                0x0000000008003a98      0x140 .build/obj_nuphy_air75_v2_ansi_via/keyboards/nuphy/air75_v2/ansi/ansi.o
                0x0000000008003a98                long_press_key
 .text.break_all_key
                0x0000000008003bd8       0xc8 .build/obj_nuphy_air75_v2_ansi_via/keyboards/nuphy/air75_v2/ansi/ansi.o
                0x0000000008003bd8                break_all_key
 .text.switch_dev_link
                0x0000000008003ca0       0x50 .build/obj_nuphy_air75_v2_ansi_via/keyboards/nuphy/air75_v2/ansi/ansi.o
                0x0000000008003ca0                switch_dev_link
 .text.dial_sw_scan
                0x0000000008003cf0      0x11c .build/obj_nuphy_air75_v2_ansi_via/keyboards/nuphy/air75_v2/ansi/ansi.o
                0x0000000008003cf0                dial_sw_scan
 .text.dial_sw_fast_scan
                0x0000000008003e0c       0xb8 .build/obj_nuphy_air75_v2_ansi_via/keyboards/nuphy/air75_v2/ansi/ansi.o
                0x0000000008003e0c                dial_sw_fast_scan
 .text.timer_pro
                0x0000000008003ec4       0x78 .build/obj_nuphy_air75_v2_ansi_via/keyboards/nuphy/air75_v2/ansi/ansi.o
                0x0000000008003ec4                timer_pro
 .text.londing_eeprom_data
                0x0000000008003f3c       0x7c .build/obj_nuphy_air75_v2_ansi_via/keyboards/nuphy/air75_v2/ansi/ansi.o
                0x0000000008003f3c                londing_eeprom_data
 .text.process_record_user
                0x0000000008003fb8      0x2a0 .build/obj_nuphy_air75_v2_ansi_via/keyboards/nuphy/air75_v2/ansi/ansi.o
                0x0000000008003fb8                process_record_user
 .text.rgb_matrix_indicators_user
                0x0000000008004258       0x24 .build/obj_nuphy_air75_v2_ansi_via/keyboards/nuphy/air75_v2/ansi/ansi.o
                0x0000000008004258                rgb_matrix_indicators_user
 .text.keyboard_post_init_user
                0x000000000800427c       0x28 .build/obj_nuphy_air75_v2_ansi_via/keyboards/nuphy/air75_v2/ansi/ansi.o
                0x000000000800427c                keyboard_post_init_user
 .text.housekeeping_task_user
                0x00000000080042a4       0x24 .build/obj_nuphy_air75_v2_ansi_via/keyboards/nuphy/air75_v2/ansi/ansi.o
                0x00000000080042a4                housekeeping_task_user
 .text.keycode_at_keymap_location_raw
                0x00000000080042c8       0x2c .build/obj_nuphy_air75_v2_ansi_via/quantum/keymap_introspection.o
                0x00000000080042c8                keycode_at_keymap_location_raw
 .text.pre_process_record_user
                0x00000000080042f4        0x4 .build/obj_nuphy_air75_v2_ansi_via/quantum/quantum.o
                0x00000000080042f4                pre_process_record_user
 .text.pre_process_record_kb
                0x00000000080042f8        0x8 .build/obj_nuphy_air75_v2_ansi_via/quantum/quantum.o
                0x00000000080042f8                pre_process_record_kb
 .text.process_action_kb
                0x0000000008004300        0x4 .build/obj_nuphy_air75_v2_ansi_via/quantum/quantum.o
                0x0000000008004300                process_action_kb
 .text.process_record_kb
                0x0000000008004304        0x8 .build/obj_nuphy_air75_v2_ansi_via/quantum/quantum.o
                0x0000000008004304                process_record_kb
 .text.post_process_record_user
                0x000000000800430c        0x2 .build/obj_nuphy_air75_v2_ansi_via/quantum/quantum.o
                0x000000000800430c                post_process_record_user
 .text.post_process_record_kb
                0x000000000800430e        0x8 .build/obj_nuphy_air75_v2_ansi_via/quantum/quantum.o
                0x000000000800430e                post_process_record_kb
 *fill*         0x0000000008004316        0x2 
 .text.get_event_keycode
                0x0000000008004318       0x4c .build/obj_nuphy_air75_v2_ansi_via/quantum/quantum.o
                0x0000000008004318                get_event_keycode
 .text.get_record_keycode
                0x0000000008004364       0x16 .build/obj_nuphy_air75_v2_ansi_via/quantum/quantum.o
                0x0000000008004364                get_record_keycode
 .text.pre_process_record_quantum
                0x000000000800437a       0x12 .build/obj_nuphy_air75_v2_ansi_via/quantum/quantum.o
                0x000000000800437a                pre_process_record_quantum
 .text.post_process_record_quantum
                0x000000000800438c       0x12 .build/obj_nuphy_air75_v2_ansi_via/quantum/quantum.o
                0x000000000800438c                post_process_record_quantum
 .text.shutdown_user
                0x000000000800439e        0x2 .build/obj_nuphy_air75_v2_ansi_via/quantum/quantum.o
                0x000000000800439e                shutdown_user
 .text.shutdown_quantum
                0x00000000080043a0       0x18 .build/obj_nuphy_air75_v2_ansi_via/quantum/quantum.o
                0x00000000080043a0                shutdown_quantum
 .text.reset_keyboard
                0x00000000080043b8        0xc .build/obj_nuphy_air75_v2_ansi_via/quantum/quantum.o
                0x00000000080043b8                reset_keyboard
 .text.soft_reset_keyboard
                0x00000000080043c4        0xc .build/obj_nuphy_air75_v2_ansi_via/quantum/quantum.o
                0x00000000080043c4                soft_reset_keyboard
 .text.process_record_quantum
                0x00000000080043d0      0x110 .build/obj_nuphy_air75_v2_ansi_via/quantum/quantum.o
                0x00000000080043d0                process_record_quantum
 .text.suspend_wakeup_init_quantum
                0x00000000080044e0       0x12 .build/obj_nuphy_air75_v2_ansi_via/quantum/quantum.o
                0x00000000080044e0                suspend_wakeup_init_quantum
 .text.bitrev   0x00000000080044f2       0x26 .build/obj_nuphy_air75_v2_ansi_via/quantum/bitwise.o
                0x00000000080044f2                bitrev
 .text.bitrev16
                0x0000000008004518       0x1a .build/obj_nuphy_air75_v2_ansi_via/quantum/bitwise.o
                0x0000000008004518                bitrev16
 .text.bitrev32
                0x0000000008004532       0x18 .build/obj_nuphy_air75_v2_ansi_via/quantum/bitwise.o
                0x0000000008004532                bitrev32
 .text.led_set_user
                0x000000000800454a        0x2 .build/obj_nuphy_air75_v2_ansi_via/quantum/led.o
                0x000000000800454a                led_set_user
 .text.led_update_user
                0x000000000800454c        0x4 .build/obj_nuphy_air75_v2_ansi_via/quantum/led.o
                0x000000000800454c                led_update_user
 .text.led_update_ports
                0x0000000008004550        0x2 .build/obj_nuphy_air75_v2_ansi_via/quantum/led.o
                0x0000000008004550                led_update_ports
 .text.led_update_kb
                0x0000000008004552       0x16 .build/obj_nuphy_air75_v2_ansi_via/quantum/led.o
                0x0000000008004552                led_update_kb
 .text.led_init_ports
                0x0000000008004568        0x2 .build/obj_nuphy_air75_v2_ansi_via/quantum/led.o
                0x0000000008004568                led_init_ports
 .text.led_set  0x000000000800456a       0x10 .build/obj_nuphy_air75_v2_ansi_via/quantum/led.o
                0x000000000800456a                led_set
 .text.led_wakeup
                0x000000000800457a        0xc .build/obj_nuphy_air75_v2_ansi_via/quantum/led.o
                0x000000000800457a                led_wakeup
 *fill*         0x0000000008004586        0x2 
 .text.led_task
                0x0000000008004588       0x68 .build/obj_nuphy_air75_v2_ansi_via/quantum/led.o
                0x0000000008004588                led_task
 .text.action_exec
                0x00000000080045f0       0x42 .build/obj_nuphy_air75_v2_ansi_via/quantum/action.o
                0x00000000080045f0                action_exec
 .text.process_record_tap_hint
                0x0000000008004632       0x10 .build/obj_nuphy_air75_v2_ansi_via/quantum/action.o
                0x0000000008004632                process_record_tap_hint
 .text.register_mouse
                0x0000000008004642       0x16 .build/obj_nuphy_air75_v2_ansi_via/quantum/action.o
                0x0000000008004642                register_mouse
 .text.register_code
                0x0000000008004658       0x98 .build/obj_nuphy_air75_v2_ansi_via/quantum/action.o
                0x0000000008004658                register_code
 .text.unregister_code
                0x00000000080046f0       0x6a .build/obj_nuphy_air75_v2_ansi_via/quantum/action.o
                0x00000000080046f0                unregister_code
 .text.tap_code_delay
                0x000000000800475a       0x22 .build/obj_nuphy_air75_v2_ansi_via/quantum/action.o
                0x000000000800475a                tap_code_delay
 .text.tap_code
                0x000000000800477c       0x10 .build/obj_nuphy_air75_v2_ansi_via/quantum/action.o
                0x000000000800477c                tap_code
 .text.register_mods
                0x000000000800478c       0x10 .build/obj_nuphy_air75_v2_ansi_via/quantum/action.o
                0x000000000800478c                register_mods
 .text.unregister_mods
                0x000000000800479c       0x10 .build/obj_nuphy_air75_v2_ansi_via/quantum/action.o
                0x000000000800479c                unregister_mods
 .text.process_action
                0x00000000080047ac      0x3c4 .build/obj_nuphy_air75_v2_ansi_via/quantum/action.o
                0x00000000080047ac                process_action
 .text.process_record_handler
                0x0000000008004b70       0x20 .build/obj_nuphy_air75_v2_ansi_via/quantum/action.o
                0x0000000008004b70                process_record_handler
 .text.process_record
                0x0000000008004b90       0x44 .build/obj_nuphy_air75_v2_ansi_via/quantum/action.o
                0x0000000008004b90                process_record
 .text.clear_keyboard_but_mods_and_keys
                0x0000000008004bd4       0x20 .build/obj_nuphy_air75_v2_ansi_via/quantum/action.o
                0x0000000008004bd4                clear_keyboard_but_mods_and_keys
 .text.clear_keyboard_but_mods
                0x0000000008004bf4        0xc .build/obj_nuphy_air75_v2_ansi_via/quantum/action.o
                0x0000000008004bf4                clear_keyboard_but_mods
 .text.clear_keyboard
                0x0000000008004c00        0xc .build/obj_nuphy_air75_v2_ansi_via/quantum/action.o
                0x0000000008004c00                clear_keyboard
 .text.is_tap_action
                0x0000000008004c0c       0x4c .build/obj_nuphy_air75_v2_ansi_via/quantum/action.o
                0x0000000008004c0c                is_tap_action
 .text.is_tap_record
                0x0000000008004c58       0x18 .build/obj_nuphy_air75_v2_ansi_via/quantum/action.o
                0x0000000008004c58                is_tap_record
 .text.debug_event
                0x0000000008004c70        0x6 .build/obj_nuphy_air75_v2_ansi_via/quantum/action.o
                0x0000000008004c70                debug_event
 .text.debug_record
                0x0000000008004c76        0x6 .build/obj_nuphy_air75_v2_ansi_via/quantum/action.o
                0x0000000008004c76                debug_record
 .text.default_layer_state_set_user
                0x0000000008004c7c        0x2 .build/obj_nuphy_air75_v2_ansi_via/quantum/action_layer.o
                0x0000000008004c7c                default_layer_state_set_user
 .text.default_layer_state_set_kb
                0x0000000008004c7e        0x8 .build/obj_nuphy_air75_v2_ansi_via/quantum/action_layer.o
                0x0000000008004c7e                default_layer_state_set_kb
 *fill*         0x0000000008004c86        0x2 
 .text.default_layer_state_set
                0x0000000008004c88       0x10 .build/obj_nuphy_air75_v2_ansi_via/quantum/action_layer.o
 .text.default_layer_debug
                0x0000000008004c98        0x2 .build/obj_nuphy_air75_v2_ansi_via/quantum/action_layer.o
                0x0000000008004c98                default_layer_debug
 .text.default_layer_set
                0x0000000008004c9a        0x8 .build/obj_nuphy_air75_v2_ansi_via/quantum/action_layer.o
                0x0000000008004c9a                default_layer_set
 *fill*         0x0000000008004ca2        0x2 
 .text.default_layer_or
                0x0000000008004ca4       0x14 .build/obj_nuphy_air75_v2_ansi_via/quantum/action_layer.o
                0x0000000008004ca4                default_layer_or
 .text.default_layer_and
                0x0000000008004cb8       0x14 .build/obj_nuphy_air75_v2_ansi_via/quantum/action_layer.o
                0x0000000008004cb8                default_layer_and
 .text.default_layer_xor
                0x0000000008004ccc       0x14 .build/obj_nuphy_air75_v2_ansi_via/quantum/action_layer.o
                0x0000000008004ccc                default_layer_xor
 .text.layer_state_set_user
                0x0000000008004ce0        0x2 .build/obj_nuphy_air75_v2_ansi_via/quantum/action_layer.o
                0x0000000008004ce0                layer_state_set_user
 .text.layer_state_set_kb
                0x0000000008004ce2        0x8 .build/obj_nuphy_air75_v2_ansi_via/quantum/action_layer.o
                0x0000000008004ce2                layer_state_set_kb
 *fill*         0x0000000008004cea        0x2 
 .text.layer_state_set
                0x0000000008004cec       0x10 .build/obj_nuphy_air75_v2_ansi_via/quantum/action_layer.o
                0x0000000008004cec                layer_state_set
 .text.layer_clear
                0x0000000008004cfc        0xa .build/obj_nuphy_air75_v2_ansi_via/quantum/action_layer.o
                0x0000000008004cfc                layer_clear
 .text.layer_move
                0x0000000008004d06        0xe .build/obj_nuphy_air75_v2_ansi_via/quantum/action_layer.o
                0x0000000008004d06                layer_move
 .text.layer_on
                0x0000000008004d14       0x18 .build/obj_nuphy_air75_v2_ansi_via/quantum/action_layer.o
                0x0000000008004d14                layer_on
 .text.layer_off
                0x0000000008004d2c       0x18 .build/obj_nuphy_air75_v2_ansi_via/quantum/action_layer.o
                0x0000000008004d2c                layer_off
 .text.layer_invert
                0x0000000008004d44       0x18 .build/obj_nuphy_air75_v2_ansi_via/quantum/action_layer.o
                0x0000000008004d44                layer_invert
 .text.layer_or
                0x0000000008004d5c       0x14 .build/obj_nuphy_air75_v2_ansi_via/quantum/action_layer.o
                0x0000000008004d5c                layer_or
 .text.layer_and
                0x0000000008004d70       0x14 .build/obj_nuphy_air75_v2_ansi_via/quantum/action_layer.o
                0x0000000008004d70                layer_and
 .text.layer_xor
                0x0000000008004d84       0x14 .build/obj_nuphy_air75_v2_ansi_via/quantum/action_layer.o
                0x0000000008004d84                layer_xor
 .text.layer_debug
                0x0000000008004d98        0x2 .build/obj_nuphy_air75_v2_ansi_via/quantum/action_layer.o
                0x0000000008004d98                layer_debug
 .text.update_source_layers_cache_impl
                0x0000000008004d9a       0x32 .build/obj_nuphy_air75_v2_ansi_via/quantum/action_layer.o
                0x0000000008004d9a                update_source_layers_cache_impl
 .text.read_source_layers_cache_impl
                0x0000000008004dcc       0x28 .build/obj_nuphy_air75_v2_ansi_via/quantum/action_layer.o
                0x0000000008004dcc                read_source_layers_cache_impl
 .text.update_source_layers_cache
                0x0000000008004df4       0x28 .build/obj_nuphy_air75_v2_ansi_via/quantum/action_layer.o
                0x0000000008004df4                update_source_layers_cache
 .text.read_source_layers_cache
                0x0000000008004e1c       0x28 .build/obj_nuphy_air75_v2_ansi_via/quantum/action_layer.o
                0x0000000008004e1c                read_source_layers_cache
 .text.layer_switch_get_layer
                0x0000000008004e44       0x44 .build/obj_nuphy_air75_v2_ansi_via/quantum/action_layer.o
                0x0000000008004e44                layer_switch_get_layer
 .text.layer_switch_get_action
                0x0000000008004e88       0x14 .build/obj_nuphy_air75_v2_ansi_via/quantum/action_layer.o
                0x0000000008004e88                layer_switch_get_action
 .text.store_or_get_action
                0x0000000008004e9c       0x44 .build/obj_nuphy_air75_v2_ansi_via/quantum/action_layer.o
                0x0000000008004e9c                store_or_get_action
 .text.update_tri_layer_state
                0x0000000008004ee0       0x2a .build/obj_nuphy_air75_v2_ansi_via/quantum/action_layer.o
                0x0000000008004ee0                update_tri_layer_state
 *fill*         0x0000000008004f0a        0x2 
 .text.update_tri_layer
                0x0000000008004f0c       0x1c .build/obj_nuphy_air75_v2_ansi_via/quantum/action_layer.o
                0x0000000008004f0c                update_tri_layer
 .text.debug_waiting_buffer
                0x0000000008004f28       0x40 .build/obj_nuphy_air75_v2_ansi_via/quantum/action_tapping.o
 .text.debug_tapping_key
                0x0000000008004f68       0x20 .build/obj_nuphy_air75_v2_ansi_via/quantum/action_tapping.o
 .text.waiting_buffer_scan_tap
                0x0000000008004f88       0x80 .build/obj_nuphy_air75_v2_ansi_via/quantum/action_tapping.o
 .text.waiting_buffer_typed.isra.2.constprop.4
                0x0000000008005008       0x40 .build/obj_nuphy_air75_v2_ansi_via/quantum/action_tapping.o
 .text.process_tapping
                0x0000000008005048      0x2b8 .build/obj_nuphy_air75_v2_ansi_via/quantum/action_tapping.o
 .text.action_tapping_process
                0x0000000008005300       0xbc .build/obj_nuphy_air75_v2_ansi_via/quantum/action_tapping.o
                0x0000000008005300                action_tapping_process
 .text.add_key  0x00000000080053bc       0x14 .build/obj_nuphy_air75_v2_ansi_via/quantum/action_util.o
                0x00000000080053bc                add_key
 .text.del_key  0x00000000080053d0       0x14 .build/obj_nuphy_air75_v2_ansi_via/quantum/action_util.o
                0x00000000080053d0                del_key
 .text.clear_keys
                0x00000000080053e4       0x10 .build/obj_nuphy_air75_v2_ansi_via/quantum/action_util.o
                0x00000000080053e4                clear_keys
 .text.get_oneshot_layer
                0x00000000080053f4        0xc .build/obj_nuphy_air75_v2_ansi_via/quantum/action_util.o
                0x00000000080053f4                get_oneshot_layer
 .text.get_oneshot_layer_state
                0x0000000008005400       0x10 .build/obj_nuphy_air75_v2_ansi_via/quantum/action_util.o
                0x0000000008005400                get_oneshot_layer_state
 .text.is_oneshot_layer_active
                0x0000000008005410       0x14 .build/obj_nuphy_air75_v2_ansi_via/quantum/action_util.o
                0x0000000008005410                is_oneshot_layer_active
 .text.get_mods
                0x0000000008005424        0xc .build/obj_nuphy_air75_v2_ansi_via/quantum/action_util.o
                0x0000000008005424                get_mods
 .text.add_mods
                0x0000000008005430       0x10 .build/obj_nuphy_air75_v2_ansi_via/quantum/action_util.o
                0x0000000008005430                add_mods
 .text.del_mods
                0x0000000008005440       0x10 .build/obj_nuphy_air75_v2_ansi_via/quantum/action_util.o
                0x0000000008005440                del_mods
 .text.clear_mods
                0x0000000008005450        0xc .build/obj_nuphy_air75_v2_ansi_via/quantum/action_util.o
                0x0000000008005450                clear_mods
 .text.get_weak_mods
                0x000000000800545c        0xc .build/obj_nuphy_air75_v2_ansi_via/quantum/action_util.o
                0x000000000800545c                get_weak_mods
 .text.add_weak_mods
                0x0000000008005468       0x10 .build/obj_nuphy_air75_v2_ansi_via/quantum/action_util.o
                0x0000000008005468                add_weak_mods
 .text.del_weak_mods
                0x0000000008005478       0x10 .build/obj_nuphy_air75_v2_ansi_via/quantum/action_util.o
                0x0000000008005478                del_weak_mods
 .text.clear_weak_mods
                0x0000000008005488        0xc .build/obj_nuphy_air75_v2_ansi_via/quantum/action_util.o
                0x0000000008005488                clear_weak_mods
 .text.oneshot_locked_mods_changed_user
                0x0000000008005494        0x2 .build/obj_nuphy_air75_v2_ansi_via/quantum/action_util.o
                0x0000000008005494                oneshot_locked_mods_changed_user
 .text.oneshot_locked_mods_changed_kb
                0x0000000008005496        0x8 .build/obj_nuphy_air75_v2_ansi_via/quantum/action_util.o
                0x0000000008005496                oneshot_locked_mods_changed_kb
 *fill*         0x000000000800549e        0x2 
 .text.del_oneshot_locked_mods
                0x00000000080054a0       0x1c .build/obj_nuphy_air75_v2_ansi_via/quantum/action_util.o
                0x00000000080054a0                del_oneshot_locked_mods
 .text.oneshot_mods_changed_user
                0x00000000080054bc        0x2 .build/obj_nuphy_air75_v2_ansi_via/quantum/action_util.o
                0x00000000080054bc                oneshot_mods_changed_user
 .text.oneshot_mods_changed_kb
                0x00000000080054be        0x8 .build/obj_nuphy_air75_v2_ansi_via/quantum/action_util.o
                0x00000000080054be                oneshot_mods_changed_kb
 *fill*         0x00000000080054c6        0x2 
 .text.add_oneshot_mods
                0x00000000080054c8       0x1c .build/obj_nuphy_air75_v2_ansi_via/quantum/action_util.o
                0x00000000080054c8                add_oneshot_mods
 .text.del_oneshot_mods
                0x00000000080054e4       0x1c .build/obj_nuphy_air75_v2_ansi_via/quantum/action_util.o
                0x00000000080054e4                del_oneshot_mods
 .text.clear_oneshot_mods
                0x0000000008005500       0x18 .build/obj_nuphy_air75_v2_ansi_via/quantum/action_util.o
                0x0000000008005500                clear_oneshot_mods
 .text.send_keyboard_report
                0x0000000008005518       0x64 .build/obj_nuphy_air75_v2_ansi_via/quantum/action_util.o
                0x0000000008005518                send_keyboard_report
 .text.oneshot_layer_changed_user
                0x000000000800557c        0x2 .build/obj_nuphy_air75_v2_ansi_via/quantum/action_util.o
                0x000000000800557c                oneshot_layer_changed_user
 .text.oneshot_layer_changed_kb
                0x000000000800557e        0x8 .build/obj_nuphy_air75_v2_ansi_via/quantum/action_util.o
                0x000000000800557e                oneshot_layer_changed_kb
 *fill*         0x0000000008005586        0x2 
 .text.set_oneshot_layer
                0x0000000008005588       0x30 .build/obj_nuphy_air75_v2_ansi_via/quantum/action_util.o
                0x0000000008005588                set_oneshot_layer
 .text.reset_oneshot_layer
                0x00000000080055b8       0x14 .build/obj_nuphy_air75_v2_ansi_via/quantum/action_util.o
                0x00000000080055b8                reset_oneshot_layer
 .text.clear_oneshot_layer_state
                0x00000000080055cc       0x30 .build/obj_nuphy_air75_v2_ansi_via/quantum/action_util.o
                0x00000000080055cc                clear_oneshot_layer_state
 .text.oneshot_set
                0x00000000080055fc       0x4c .build/obj_nuphy_air75_v2_ansi_via/quantum/action_util.o
                0x00000000080055fc                oneshot_set
 .text.oneshot_toggle
                0x0000000008005648       0x18 .build/obj_nuphy_air75_v2_ansi_via/quantum/action_util.o
                0x0000000008005648                oneshot_toggle
 .text.oneshot_enable
                0x0000000008005660        0xa .build/obj_nuphy_air75_v2_ansi_via/quantum/action_util.o
                0x0000000008005660                oneshot_enable
 .text.oneshot_disable
                0x000000000800566a        0xa .build/obj_nuphy_air75_v2_ansi_via/quantum/action_util.o
                0x000000000800566a                oneshot_disable
 .text.eeconfig_init_user
                0x0000000008005674        0x2 .build/obj_nuphy_air75_v2_ansi_via/quantum/eeconfig.o
                0x0000000008005674                eeconfig_init_user
 *fill*         0x0000000008005676        0x2 
 .text.eeconfig_disable
                0x0000000008005678       0x14 .build/obj_nuphy_air75_v2_ansi_via/quantum/eeconfig.o
                0x0000000008005678                eeconfig_disable
 .text.eeconfig_is_enabled
                0x000000000800568c       0x1c .build/obj_nuphy_air75_v2_ansi_via/quantum/eeconfig.o
                0x000000000800568c                eeconfig_is_enabled
 .text.eeconfig_read_debug
                0x00000000080056a8        0xa .build/obj_nuphy_air75_v2_ansi_via/quantum/eeconfig.o
                0x00000000080056a8                eeconfig_read_debug
 .text.eeconfig_read_default_layer
                0x00000000080056b2        0xa .build/obj_nuphy_air75_v2_ansi_via/quantum/eeconfig.o
                0x00000000080056b2                eeconfig_read_default_layer
 .text.eeconfig_read_keymap
                0x00000000080056bc        0xa .build/obj_nuphy_air75_v2_ansi_via/quantum/eeconfig.o
                0x00000000080056bc                eeconfig_read_keymap
 .text.eeconfig_update_keymap
                0x00000000080056c6        0xc .build/obj_nuphy_air75_v2_ansi_via/quantum/eeconfig.o
                0x00000000080056c6                eeconfig_update_keymap
 .text.eeconfig_update_kb
                0x00000000080056d2        0xc .build/obj_nuphy_air75_v2_ansi_via/quantum/eeconfig.o
                0x00000000080056d2                eeconfig_update_kb
 .text.eeconfig_init_kb
                0x00000000080056de        0xe .build/obj_nuphy_air75_v2_ansi_via/quantum/eeconfig.o
                0x00000000080056de                eeconfig_init_kb
 .text.eeconfig_update_handedness
                0x00000000080056ec        0xc .build/obj_nuphy_air75_v2_ansi_via/quantum/eeconfig.o
                0x00000000080056ec                eeconfig_update_handedness
 .text.eeconfig_is_user_datablock_valid
                0x00000000080056f8       0x12 .build/obj_nuphy_air75_v2_ansi_via/quantum/eeconfig.o
                0x00000000080056f8                eeconfig_is_user_datablock_valid
 .text.eeconfig_read_user_datablock
                0x000000000800570a       0x20 .build/obj_nuphy_air75_v2_ansi_via/quantum/eeconfig.o
                0x000000000800570a                eeconfig_read_user_datablock
 .text.eeconfig_update_user_datablock
                0x000000000800572a       0x18 .build/obj_nuphy_air75_v2_ansi_via/quantum/eeconfig.o
                0x000000000800572a                eeconfig_update_user_datablock
 .text.eeconfig_init_user_datablock
                0x0000000008005742       0x14 .build/obj_nuphy_air75_v2_ansi_via/quantum/eeconfig.o
                0x0000000008005742                eeconfig_init_user_datablock
 *fill*         0x0000000008005756        0x2 
 .text.eeconfig_init_quantum
                0x0000000008005758       0x9c .build/obj_nuphy_air75_v2_ansi_via/quantum/eeconfig.o
                0x0000000008005758                eeconfig_init_quantum
 .text.eeconfig_init
                0x00000000080057f4        0x8 .build/obj_nuphy_air75_v2_ansi_via/quantum/eeconfig.o
                0x00000000080057f4                eeconfig_init
 .text.generate_tick_event
                0x00000000080057fc       0x30 .build/obj_nuphy_air75_v2_ansi_via/quantum/keyboard.o
 .text.last_matrix_activity_trigger
                0x000000000800582c       0x18 .build/obj_nuphy_air75_v2_ansi_via/quantum/keyboard.o
                0x000000000800582c                last_matrix_activity_trigger
 .text.matrix_setup
                0x0000000008005844        0x2 .build/obj_nuphy_air75_v2_ansi_via/quantum/keyboard.o
                0x0000000008005844                matrix_setup
 .text.keyboard_pre_init_user
                0x0000000008005846        0x2 .build/obj_nuphy_air75_v2_ansi_via/quantum/keyboard.o
                0x0000000008005846                keyboard_pre_init_user
 .text.keyboard_pre_init_kb
                0x0000000008005848        0x8 .build/obj_nuphy_air75_v2_ansi_via/quantum/keyboard.o
                0x0000000008005848                keyboard_pre_init_kb
 .text.keyboard_post_init_kb
                0x0000000008005850        0x8 .build/obj_nuphy_air75_v2_ansi_via/quantum/keyboard.o
                0x0000000008005850                keyboard_post_init_kb
 .text.matrix_can_read
                0x0000000008005858        0x4 .build/obj_nuphy_air75_v2_ansi_via/quantum/keyboard.o
                0x0000000008005858                matrix_can_read
 .text.keyboard_setup
                0x000000000800585c       0x1c .build/obj_nuphy_air75_v2_ansi_via/quantum/keyboard.o
                0x000000000800585c                keyboard_setup
 .text.is_keyboard_master
                0x0000000008005878        0x4 .build/obj_nuphy_air75_v2_ansi_via/quantum/keyboard.o
                0x0000000008005878                is_keyboard_master
 .text.should_process_keypress
                0x000000000800587c        0x8 .build/obj_nuphy_air75_v2_ansi_via/quantum/keyboard.o
                0x000000000800587c                should_process_keypress
 .text.housekeeping_task_kb
                0x0000000008005884        0x2 .build/obj_nuphy_air75_v2_ansi_via/quantum/keyboard.o
                0x0000000008005884                housekeeping_task_kb
 .text.housekeeping_task
                0x0000000008005886        0xc .build/obj_nuphy_air75_v2_ansi_via/quantum/keyboard.o
                0x0000000008005886                housekeeping_task
 .text.quantum_init
                0x0000000008005892       0x10 .build/obj_nuphy_air75_v2_ansi_via/quantum/keyboard.o
                0x0000000008005892                quantum_init
 .text.keyboard_init
                0x00000000080058a2       0x18 .build/obj_nuphy_air75_v2_ansi_via/quantum/keyboard.o
                0x00000000080058a2                keyboard_init
 *fill*         0x00000000080058ba        0x2 
 .text.keyboard_task
                0x00000000080058bc       0xe0 .build/obj_nuphy_air75_v2_ansi_via/quantum/keyboard.o
                0x00000000080058bc                keyboard_task
 .text.action_for_keycode
                0x000000000800599c      0x1d8 .build/obj_nuphy_air75_v2_ansi_via/quantum/keymap_common.o
                0x000000000800599c                action_for_keycode
 .text.keymap_key_to_keycode
                0x0000000008005b74       0x20 .build/obj_nuphy_air75_v2_ansi_via/quantum/keymap_common.o
                0x0000000008005b74                keymap_key_to_keycode
 .text.action_for_key
                0x0000000008005b94       0x12 .build/obj_nuphy_air75_v2_ansi_via/quantum/keymap_common.o
                0x0000000008005b94                action_for_key
 *fill*         0x0000000008005ba6        0x2 
 .text.keycode_config
                0x0000000008005ba8      0x108 .build/obj_nuphy_air75_v2_ansi_via/quantum/keycode_config.o
                0x0000000008005ba8                keycode_config
 .text.mod_config
                0x0000000008005cb0       0x98 .build/obj_nuphy_air75_v2_ansi_via/quantum/keycode_config.o
                0x0000000008005cb0                mod_config
 .text.null_sendchar_func
                0x0000000008005d48        0x4 .build/obj_nuphy_air75_v2_ansi_via/quantum/logging/print.o
 .text.print_set_sendchar
                0x0000000008005d4c        0xc .build/obj_nuphy_air75_v2_ansi_via/quantum/logging/print.o
                0x0000000008005d4c                print_set_sendchar
 .text.putchar_
                0x0000000008005d58       0x10 .build/obj_nuphy_air75_v2_ansi_via/quantum/logging/print.o
                0x0000000008005d58                putchar_
 .text.bootmagic_lite_reset_eeprom
                0x0000000008005d68        0x8 .build/obj_nuphy_air75_v2_ansi_via/quantum/bootmagic/bootmagic_lite.o
                0x0000000008005d68                bootmagic_lite_reset_eeprom
 .text.bootmagic_lite
                0x0000000008005d70       0x26 .build/obj_nuphy_air75_v2_ansi_via/quantum/bootmagic/bootmagic_lite.o
                0x0000000008005d70                bootmagic_lite
 .text.bootmagic
                0x0000000008005d96        0x8 .build/obj_nuphy_air75_v2_ansi_via/quantum/bootmagic/bootmagic_lite.o
                0x0000000008005d96                bootmagic
 *fill*         0x0000000008005d9e        0x2 
 .text.magic    0x0000000008005da0       0x40 .build/obj_nuphy_air75_v2_ansi_via/quantum/bootmagic/magic.o
                0x0000000008005da0                magic
 .text.matrix_init_user
                0x0000000008005de0        0x2 .build/obj_nuphy_air75_v2_ansi_via/quantum/matrix_common.o
                0x0000000008005de0                matrix_init_user
 .text.matrix_init_kb
                0x0000000008005de2        0x8 .build/obj_nuphy_air75_v2_ansi_via/quantum/matrix_common.o
                0x0000000008005de2                matrix_init_kb
 .text.matrix_scan_user
                0x0000000008005dea        0x2 .build/obj_nuphy_air75_v2_ansi_via/quantum/matrix_common.o
                0x0000000008005dea                matrix_scan_user
 .text.matrix_scan_kb
                0x0000000008005dec        0x8 .build/obj_nuphy_air75_v2_ansi_via/quantum/matrix_common.o
                0x0000000008005dec                matrix_scan_kb
 .text.matrix_get_row
                0x0000000008005df4        0xc .build/obj_nuphy_air75_v2_ansi_via/quantum/matrix_common.o
                0x0000000008005df4                matrix_get_row
 .text.matrix_print
                0x0000000008005e00       0x50 .build/obj_nuphy_air75_v2_ansi_via/quantum/matrix_common.o
                0x0000000008005e00                matrix_print
 .text.matrix_io_delay
                0x0000000008005e50        0xa .build/obj_nuphy_air75_v2_ansi_via/quantum/matrix_common.o
                0x0000000008005e50                matrix_io_delay
 .text.matrix_output_select_delay
                0x0000000008005e5a       0x1a .build/obj_nuphy_air75_v2_ansi_via/quantum/matrix_common.o
                0x0000000008005e5a                matrix_output_select_delay
 .text.matrix_output_unselect_delay
                0x0000000008005e74        0x8 .build/obj_nuphy_air75_v2_ansi_via/quantum/matrix_common.o
                0x0000000008005e74                matrix_output_unselect_delay
 .text.setPinInputHigh_atomic
                0x0000000008005e7c       0x1a .build/obj_nuphy_air75_v2_ansi_via/quantum/matrix.o
 *fill*         0x0000000008005e96        0x2 
 .text.matrix_init_pins
                0x0000000008005e98       0x38 .build/obj_nuphy_air75_v2_ansi_via/quantum/matrix.o
                0x0000000008005e98                matrix_init_pins
 .text.matrix_read_cols_on_row
                0x0000000008005ed0       0x90 .build/obj_nuphy_air75_v2_ansi_via/quantum/matrix.o
                0x0000000008005ed0                matrix_read_cols_on_row
 .text.matrix_init
                0x0000000008005f60       0x30 .build/obj_nuphy_air75_v2_ansi_via/quantum/matrix.o
                0x0000000008005f60                matrix_init
 .text.matrix_scan
                0x0000000008005f90       0x64 .build/obj_nuphy_air75_v2_ansi_via/quantum/matrix.o
                0x0000000008005f90                matrix_scan
 .text.debounce_init
                0x0000000008005ff4        0x2 .build/obj_nuphy_air75_v2_ansi_via/quantum/debounce/sym_defer_g.o
                0x0000000008005ff4                debounce_init
 *fill*         0x0000000008005ff6        0x2 
 .text.debounce
                0x0000000008005ff8       0x60 .build/obj_nuphy_air75_v2_ansi_via/quantum/debounce/sym_defer_g.o
                0x0000000008005ff8                debounce
 .text.protocol_init
                0x0000000008006058       0x10 .build/obj_nuphy_air75_v2_ansi_via/quantum/main.o
                0x0000000008006058                protocol_init
 .text.protocol_task
                0x0000000008006068       0x10 .build/obj_nuphy_air75_v2_ansi_via/quantum/main.o
                0x0000000008006068                protocol_task
 .text.startup.main
                0x0000000008006078       0x1c .build/obj_nuphy_air75_v2_ansi_via/quantum/main.o
                0x0000000008006078                main
 .text.putchar_via_gadget
                0x0000000008006094       0x24 .build/obj_nuphy_air75_v2_ansi_via/printf.o
 .text.out_rev_
                0x00000000080060b8       0x56 .build/obj_nuphy_air75_v2_ansi_via/printf.o
 *fill*         0x000000000800610e        0x2 
 .text.print_integer
                0x0000000008006110      0x174 .build/obj_nuphy_air75_v2_ansi_via/printf.o
 .text.putchar_wrapper
                0x0000000008006284        0x8 .build/obj_nuphy_air75_v2_ansi_via/printf.o
 .text.vsnprintf_impl.constprop.0
                0x000000000800628c      0x38c .build/obj_nuphy_air75_v2_ansi_via/printf.o
 .text.vprintf  0x0000000008006618       0x28 .build/obj_nuphy_air75_v2_ansi_via/printf.o
                0x0000000008006618                vprintf
 .text.printf   0x0000000008006640       0x16 .build/obj_nuphy_air75_v2_ansi_via/printf.o
                0x0000000008006640                printf
 .text.times_inv_sqrt2
                0x0000000008006656       0x1a .build/obj_nuphy_air75_v2_ansi_via/quantum/mousekey.o
 .text.adjust_speed
                0x0000000008006670       0xc4 .build/obj_nuphy_air75_v2_ansi_via/quantum/mousekey.o
                0x0000000008006670                adjust_speed
 .text.mousekey_on
                0x0000000008006734       0x9c .build/obj_nuphy_air75_v2_ansi_via/quantum/mousekey.o
                0x0000000008006734                mousekey_on
 .text.mousekey_off
                0x00000000080067d0       0xb0 .build/obj_nuphy_air75_v2_ansi_via/quantum/mousekey.o
                0x00000000080067d0                mousekey_off
 .text.mousekey_send
                0x0000000008006880       0xe8 .build/obj_nuphy_air75_v2_ansi_via/quantum/mousekey.o
                0x0000000008006880                mousekey_send
 .text.mousekey_clear
                0x0000000008006968       0x24 .build/obj_nuphy_air75_v2_ansi_via/quantum/mousekey.o
                0x0000000008006968                mousekey_clear
 .text.mousekey_get_report
                0x000000000800698c       0x14 .build/obj_nuphy_air75_v2_ansi_via/quantum/mousekey.o
                0x000000000800698c                mousekey_get_report
 .text.should_mousekey_report_send
                0x00000000080069a0       0x26 .build/obj_nuphy_air75_v2_ansi_via/quantum/mousekey.o
                0x00000000080069a0                should_mousekey_report_send
 *fill*         0x00000000080069c6        0x2 
 .text.mousekey_task
                0x00000000080069c8       0xb4 .build/obj_nuphy_air75_v2_ansi_via/quantum/mousekey.o
                0x00000000080069c8                mousekey_task
 .text.eeprom_read_byte
                0x0000000008006a7c       0x18 .build/obj_nuphy_air75_v2_ansi_via/eeprom_driver.o
                0x0000000008006a7c                eeprom_read_byte
 .text.eeprom_read_word
                0x0000000008006a94       0x18 .build/obj_nuphy_air75_v2_ansi_via/eeprom_driver.o
                0x0000000008006a94                eeprom_read_word
 .text.eeprom_read_dword
                0x0000000008006aac       0x14 .build/obj_nuphy_air75_v2_ansi_via/eeprom_driver.o
                0x0000000008006aac                eeprom_read_dword
 .text.eeprom_write_byte
                0x0000000008006ac0       0x14 .build/obj_nuphy_air75_v2_ansi_via/eeprom_driver.o
                0x0000000008006ac0                eeprom_write_byte
 .text.eeprom_write_word
                0x0000000008006ad4       0x14 .build/obj_nuphy_air75_v2_ansi_via/eeprom_driver.o
                0x0000000008006ad4                eeprom_write_word
 .text.eeprom_write_dword
                0x0000000008006ae8       0x10 .build/obj_nuphy_air75_v2_ansi_via/eeprom_driver.o
                0x0000000008006ae8                eeprom_write_dword
 .text.eeprom_update_block
                0x0000000008006af8       0x3a .build/obj_nuphy_air75_v2_ansi_via/eeprom_driver.o
                0x0000000008006af8                eeprom_update_block
 .text.eeprom_update_byte
                0x0000000008006b32       0x18 .build/obj_nuphy_air75_v2_ansi_via/eeprom_driver.o
                0x0000000008006b32                eeprom_update_byte
 .text.eeprom_update_word
                0x0000000008006b4a       0x18 .build/obj_nuphy_air75_v2_ansi_via/eeprom_driver.o
                0x0000000008006b4a                eeprom_update_word
 .text.eeprom_update_dword
                0x0000000008006b62       0x18 .build/obj_nuphy_air75_v2_ansi_via/eeprom_driver.o
                0x0000000008006b62                eeprom_update_dword
 *fill*         0x0000000008006b7a        0x2 
 .text.eeprom_clear
                0x0000000008006b7c       0x40 .build/obj_nuphy_air75_v2_ansi_via/eeprom_legacy_emulated_flash.o
 .text.eeprom_write_direct_entry
                0x0000000008006bbc       0x44 .build/obj_nuphy_air75_v2_ansi_via/eeprom_legacy_emulated_flash.o
 .text.eeprom_compact
                0x0000000008006c00       0x44 .build/obj_nuphy_air75_v2_ansi_via/eeprom_legacy_emulated_flash.o
 .text.eeprom_write_log_word_entry
                0x0000000008006c44       0x80 .build/obj_nuphy_air75_v2_ansi_via/eeprom_legacy_emulated_flash.o
 .text.eeprom_write_log_byte_entry
                0x0000000008006cc4       0x44 .build/obj_nuphy_air75_v2_ansi_via/eeprom_legacy_emulated_flash.o
 .text.EEPROM_Init
                0x0000000008006d08       0xac .build/obj_nuphy_air75_v2_ansi_via/eeprom_legacy_emulated_flash.o
                0x0000000008006d08                EEPROM_Init
 .text.EEPROM_Erase
                0x0000000008006db4        0xc .build/obj_nuphy_air75_v2_ansi_via/eeprom_legacy_emulated_flash.o
                0x0000000008006db4                EEPROM_Erase
 .text.EEPROM_WriteDataByte
                0x0000000008006dc0       0x44 .build/obj_nuphy_air75_v2_ansi_via/eeprom_legacy_emulated_flash.o
                0x0000000008006dc0                EEPROM_WriteDataByte
 .text.EEPROM_WriteDataWord
                0x0000000008006e04       0x7c .build/obj_nuphy_air75_v2_ansi_via/eeprom_legacy_emulated_flash.o
                0x0000000008006e04                EEPROM_WriteDataWord
 .text.EEPROM_ReadDataByte
                0x0000000008006e80       0x18 .build/obj_nuphy_air75_v2_ansi_via/eeprom_legacy_emulated_flash.o
                0x0000000008006e80                EEPROM_ReadDataByte
 .text.EEPROM_ReadDataWord
                0x0000000008006e98       0x34 .build/obj_nuphy_air75_v2_ansi_via/eeprom_legacy_emulated_flash.o
                0x0000000008006e98                EEPROM_ReadDataWord
 .text.eeprom_driver_init
                0x0000000008006ecc        0x8 .build/obj_nuphy_air75_v2_ansi_via/eeprom_legacy_emulated_flash.o
                0x0000000008006ecc                eeprom_driver_init
 .text.eeprom_driver_erase
                0x0000000008006ed4        0x8 .build/obj_nuphy_air75_v2_ansi_via/eeprom_legacy_emulated_flash.o
                0x0000000008006ed4                eeprom_driver_erase
 .text.eeprom_read_block
                0x0000000008006edc       0x76 .build/obj_nuphy_air75_v2_ansi_via/eeprom_legacy_emulated_flash.o
                0x0000000008006edc                eeprom_read_block
 .text.eeprom_write_block
                0x0000000008006f52       0x70 .build/obj_nuphy_air75_v2_ansi_via/eeprom_legacy_emulated_flash.o
                0x0000000008006f52                eeprom_write_block
 *fill*         0x0000000008006fc2        0x2 
 .text.FLASH_GetStatus
                0x0000000008006fc4       0x2c .build/obj_nuphy_air75_v2_ansi_via/legacy_flash_ops.o
                0x0000000008006fc4                FLASH_GetStatus
 .text.FLASH_WaitForLastOperation
                0x0000000008006ff0       0x3a .build/obj_nuphy_air75_v2_ansi_via/legacy_flash_ops.o
                0x0000000008006ff0                FLASH_WaitForLastOperation
 *fill*         0x000000000800702a        0x2 
 .text.FLASH_ErasePage
                0x000000000800702c       0x40 .build/obj_nuphy_air75_v2_ansi_via/legacy_flash_ops.o
                0x000000000800702c                FLASH_ErasePage
 .text.FLASH_ProgramHalfWord
                0x000000000800706c       0x48 .build/obj_nuphy_air75_v2_ansi_via/legacy_flash_ops.o
                0x000000000800706c                FLASH_ProgramHalfWord
 .text.FLASH_Unlock
                0x00000000080070b4       0x20 .build/obj_nuphy_air75_v2_ansi_via/legacy_flash_ops.o
                0x00000000080070b4                FLASH_Unlock
 .text.FLASH_Lock
                0x00000000080070d4       0x10 .build/obj_nuphy_air75_v2_ansi_via/legacy_flash_ops.o
                0x00000000080070d4                FLASH_Lock
 .text.hsv_to_rgb_impl
                0x00000000080070e4       0xc0 .build/obj_nuphy_air75_v2_ansi_via/quantum/color.o
                0x00000000080070e4                hsv_to_rgb_impl
 .text.hsv_to_rgb
                0x00000000080071a4       0x2c .build/obj_nuphy_air75_v2_ansi_via/quantum/color.o
                0x00000000080071a4                hsv_to_rgb
 .text.sqrt16   0x00000000080071d0       0x48 .build/obj_nuphy_air75_v2_ansi_via/quantum/rgb_matrix/rgb_matrix.o
 .text.random8  0x0000000008007218       0x24 .build/obj_nuphy_air75_v2_ansi_via/quantum/rgb_matrix/rgb_matrix.o
 .text.sin8_C   0x000000000800723c       0x44 .build/obj_nuphy_air75_v2_ansi_via/quantum/rgb_matrix/rgb_matrix.o
 .text.BAND_SAT_math
                0x0000000008007280       0x58 .build/obj_nuphy_air75_v2_ansi_via/quantum/rgb_matrix/rgb_matrix.o
 .text.BAND_VAL_math
                0x00000000080072d8       0x54 .build/obj_nuphy_air75_v2_ansi_via/quantum/rgb_matrix/rgb_matrix.o
 .text.CYCLE_ALL_math
                0x000000000800732c       0x22 .build/obj_nuphy_air75_v2_ansi_via/quantum/rgb_matrix/rgb_matrix.o
 *fill*         0x000000000800734e        0x2 
 .text.CYCLE_LEFT_RIGHT_math
                0x0000000008007350       0x34 .build/obj_nuphy_air75_v2_ansi_via/quantum/rgb_matrix/rgb_matrix.o
 .text.CYCLE_UP_DOWN_math
                0x0000000008007384       0x34 .build/obj_nuphy_air75_v2_ansi_via/quantum/rgb_matrix/rgb_matrix.o
 .text.RAINBOW_MOVING_CHEVRON_math
                0x00000000080073b8       0x50 .build/obj_nuphy_air75_v2_ansi_via/quantum/rgb_matrix/rgb_matrix.o
 .text.CYCLE_OUT_IN_math
                0x0000000008007408       0x2e .build/obj_nuphy_air75_v2_ansi_via/quantum/rgb_matrix/rgb_matrix.o
 .text.CYCLE_OUT_IN_DUAL_math
                0x0000000008007436       0x48 .build/obj_nuphy_air75_v2_ansi_via/quantum/rgb_matrix/rgb_matrix.o
 *fill*         0x000000000800747e        0x2 
 .text.DUAL_BEACON_math
                0x0000000008007480       0x4c .build/obj_nuphy_air75_v2_ansi_via/quantum/rgb_matrix/rgb_matrix.o
 .text.RAINBOW_BEACON_math
                0x00000000080074cc       0x4c .build/obj_nuphy_air75_v2_ansi_via/quantum/rgb_matrix/rgb_matrix.o
 .text.RAINBOW_PINWHEELS_math
                0x0000000008007518       0x64 .build/obj_nuphy_air75_v2_ansi_via/quantum/rgb_matrix/rgb_matrix.o
 .text.HUE_PENDULUM_math
                0x000000000800757c       0x5c .build/obj_nuphy_air75_v2_ansi_via/quantum/rgb_matrix/rgb_matrix.o
 .text.HUE_WAVE_math
                0x00000000080075d8       0x48 .build/obj_nuphy_air75_v2_ansi_via/quantum/rgb_matrix/rgb_matrix.o
 .text.SOLID_REACTIVE_SIMPLE_math
                0x0000000008007620       0x26 .build/obj_nuphy_air75_v2_ansi_via/quantum/rgb_matrix/rgb_matrix.o
 .text.SOLID_REACTIVE_math
                0x0000000008007646       0x34 .build/obj_nuphy_air75_v2_ansi_via/quantum/rgb_matrix/rgb_matrix.o
 .text.SOLID_REACTIVE_WIDE_math
                0x000000000800767a       0x42 .build/obj_nuphy_air75_v2_ansi_via/quantum/rgb_matrix/rgb_matrix.o
 .text.SOLID_REACTIVE_CROSS_math
                0x00000000080076bc       0x6e .build/obj_nuphy_air75_v2_ansi_via/quantum/rgb_matrix/rgb_matrix.o
 *fill*         0x000000000800772a        0x2 
 .text.SOLID_REACTIVE_NEXUS_math
                0x000000000800772c       0x74 .build/obj_nuphy_air75_v2_ansi_via/quantum/rgb_matrix/rgb_matrix.o
 .text.SPLASH_math
                0x00000000080077a0       0x46 .build/obj_nuphy_air75_v2_ansi_via/quantum/rgb_matrix/rgb_matrix.o
                0x00000000080077a0                SPLASH_math
 .text.SOLID_SPLASH_math
                0x00000000080077e6       0x3e .build/obj_nuphy_air75_v2_ansi_via/quantum/rgb_matrix/rgb_matrix.o
                0x00000000080077e6                SOLID_SPLASH_math
 .text.eeconfig_flag_rgb_matrix
                0x0000000008007824       0x10 .build/obj_nuphy_air75_v2_ansi_via/quantum/rgb_matrix/rgb_matrix.o
 .text.eeconfig_init_rgb_matrix
                0x0000000008007834       0x20 .build/obj_nuphy_air75_v2_ansi_via/quantum/rgb_matrix/rgb_matrix.o
 .text.atan2_8  0x0000000008007854       0x42 .build/obj_nuphy_air75_v2_ansi_via/quantum/rgb_matrix/rgb_matrix.o
 .text.BAND_PINWHEEL_SAT_math
                0x0000000008007896       0x3c .build/obj_nuphy_air75_v2_ansi_via/quantum/rgb_matrix/rgb_matrix.o
 .text.BAND_PINWHEEL_VAL_math
                0x00000000080078d2       0x36 .build/obj_nuphy_air75_v2_ansi_via/quantum/rgb_matrix/rgb_matrix.o
 .text.BAND_SPIRAL_SAT_math
                0x0000000008007908       0x3e .build/obj_nuphy_air75_v2_ansi_via/quantum/rgb_matrix/rgb_matrix.o
 .text.BAND_SPIRAL_VAL_math
                0x0000000008007946       0x38 .build/obj_nuphy_air75_v2_ansi_via/quantum/rgb_matrix/rgb_matrix.o
 .text.CYCLE_PINWHEEL_math
                0x000000000800797e       0x2e .build/obj_nuphy_air75_v2_ansi_via/quantum/rgb_matrix/rgb_matrix.o
 .text.CYCLE_SPIRAL_math
                0x00000000080079ac       0x34 .build/obj_nuphy_air75_v2_ansi_via/quantum/rgb_matrix/rgb_matrix.o
 .text.eeconfig_flush_rgb_matrix.part.1
                0x00000000080079e0       0x1c .build/obj_nuphy_air75_v2_ansi_via/quantum/rgb_matrix/rgb_matrix.o
 .text.rgb_matrix_hsv_to_rgb
                0x00000000080079fc       0x28 .build/obj_nuphy_air75_v2_ansi_via/quantum/rgb_matrix/rgb_matrix.o
                0x00000000080079fc                rgb_matrix_hsv_to_rgb
 .text.process_rgb_matrix_typing_heatmap
                0x0000000008007a24       0xcc .build/obj_nuphy_air75_v2_ansi_via/quantum/rgb_matrix/rgb_matrix.o
                0x0000000008007a24                process_rgb_matrix_typing_heatmap
 .text.eeconfig_update_rgb_matrix
                0x0000000008007af0        0x8 .build/obj_nuphy_air75_v2_ansi_via/quantum/rgb_matrix/rgb_matrix.o
                0x0000000008007af0                eeconfig_update_rgb_matrix
 .text.eeconfig_update_rgb_matrix_default
                0x0000000008007af8       0x3c .build/obj_nuphy_air75_v2_ansi_via/quantum/rgb_matrix/rgb_matrix.o
                0x0000000008007af8                eeconfig_update_rgb_matrix_default
 .text.eeconfig_debug_rgb_matrix
                0x0000000008007b34       0xa8 .build/obj_nuphy_air75_v2_ansi_via/quantum/rgb_matrix/rgb_matrix.o
                0x0000000008007b34                eeconfig_debug_rgb_matrix
 .text.rgb_matrix_map_row_column_to_led_kb
                0x0000000008007bdc        0x4 .build/obj_nuphy_air75_v2_ansi_via/quantum/rgb_matrix/rgb_matrix.o
                0x0000000008007bdc                rgb_matrix_map_row_column_to_led_kb
 .text.rgb_matrix_map_row_column_to_led
                0x0000000008007be0       0x28 .build/obj_nuphy_air75_v2_ansi_via/quantum/rgb_matrix/rgb_matrix.o
                0x0000000008007be0                rgb_matrix_map_row_column_to_led
 .text.rgb_matrix_update_pwm_buffers
                0x0000000008007c08       0x10 .build/obj_nuphy_air75_v2_ansi_via/quantum/rgb_matrix/rgb_matrix.o
                0x0000000008007c08                rgb_matrix_update_pwm_buffers
 .text.rgb_matrix_set_color
                0x0000000008007c18       0x10 .build/obj_nuphy_air75_v2_ansi_via/quantum/rgb_matrix/rgb_matrix.o
                0x0000000008007c18                rgb_matrix_set_color
 .text.effect_runner_dx_dy_dist
                0x0000000008007c28       0xec .build/obj_nuphy_air75_v2_ansi_via/quantum/rgb_matrix/rgb_matrix.o
                0x0000000008007c28                effect_runner_dx_dy_dist
 .text.BAND_SPIRAL_SAT
                0x0000000008007d14       0x10 .build/obj_nuphy_air75_v2_ansi_via/quantum/rgb_matrix/rgb_matrix.o
                0x0000000008007d14                BAND_SPIRAL_SAT
 .text.BAND_SPIRAL_VAL
                0x0000000008007d24       0x10 .build/obj_nuphy_air75_v2_ansi_via/quantum/rgb_matrix/rgb_matrix.o
                0x0000000008007d24                BAND_SPIRAL_VAL
 .text.CYCLE_OUT_IN
                0x0000000008007d34       0x10 .build/obj_nuphy_air75_v2_ansi_via/quantum/rgb_matrix/rgb_matrix.o
                0x0000000008007d34                CYCLE_OUT_IN
 .text.CYCLE_SPIRAL
                0x0000000008007d44       0x10 .build/obj_nuphy_air75_v2_ansi_via/quantum/rgb_matrix/rgb_matrix.o
                0x0000000008007d44                CYCLE_SPIRAL
 .text.effect_runner_dx_dy
                0x0000000008007d54       0xd0 .build/obj_nuphy_air75_v2_ansi_via/quantum/rgb_matrix/rgb_matrix.o
                0x0000000008007d54                effect_runner_dx_dy
 .text.BAND_PINWHEEL_SAT
                0x0000000008007e24       0x10 .build/obj_nuphy_air75_v2_ansi_via/quantum/rgb_matrix/rgb_matrix.o
                0x0000000008007e24                BAND_PINWHEEL_SAT
 .text.BAND_PINWHEEL_VAL
                0x0000000008007e34       0x10 .build/obj_nuphy_air75_v2_ansi_via/quantum/rgb_matrix/rgb_matrix.o
                0x0000000008007e34                BAND_PINWHEEL_VAL
 .text.CYCLE_OUT_IN_DUAL
                0x0000000008007e44       0x10 .build/obj_nuphy_air75_v2_ansi_via/quantum/rgb_matrix/rgb_matrix.o
                0x0000000008007e44                CYCLE_OUT_IN_DUAL
 .text.CYCLE_PINWHEEL
                0x0000000008007e54       0x10 .build/obj_nuphy_air75_v2_ansi_via/quantum/rgb_matrix/rgb_matrix.o
                0x0000000008007e54                CYCLE_PINWHEEL
 .text.effect_runner_i
                0x0000000008007e64       0xb0 .build/obj_nuphy_air75_v2_ansi_via/quantum/rgb_matrix/rgb_matrix.o
                0x0000000008007e64                effect_runner_i
 .text.BAND_SAT
                0x0000000008007f14       0x10 .build/obj_nuphy_air75_v2_ansi_via/quantum/rgb_matrix/rgb_matrix.o
                0x0000000008007f14                BAND_SAT
 .text.BAND_VAL
                0x0000000008007f24       0x10 .build/obj_nuphy_air75_v2_ansi_via/quantum/rgb_matrix/rgb_matrix.o
                0x0000000008007f24                BAND_VAL
 .text.CYCLE_ALL
                0x0000000008007f34       0x10 .build/obj_nuphy_air75_v2_ansi_via/quantum/rgb_matrix/rgb_matrix.o
                0x0000000008007f34                CYCLE_ALL
 .text.CYCLE_LEFT_RIGHT
                0x0000000008007f44       0x10 .build/obj_nuphy_air75_v2_ansi_via/quantum/rgb_matrix/rgb_matrix.o
                0x0000000008007f44                CYCLE_LEFT_RIGHT
 .text.CYCLE_UP_DOWN
                0x0000000008007f54       0x10 .build/obj_nuphy_air75_v2_ansi_via/quantum/rgb_matrix/rgb_matrix.o
                0x0000000008007f54                CYCLE_UP_DOWN
 .text.RAINBOW_MOVING_CHEVRON
                0x0000000008007f64       0x10 .build/obj_nuphy_air75_v2_ansi_via/quantum/rgb_matrix/rgb_matrix.o
                0x0000000008007f64                RAINBOW_MOVING_CHEVRON
 .text.HUE_PENDULUM
                0x0000000008007f74       0x10 .build/obj_nuphy_air75_v2_ansi_via/quantum/rgb_matrix/rgb_matrix.o
                0x0000000008007f74                HUE_PENDULUM
 .text.HUE_WAVE
                0x0000000008007f84       0x10 .build/obj_nuphy_air75_v2_ansi_via/quantum/rgb_matrix/rgb_matrix.o
                0x0000000008007f84                HUE_WAVE
 .text.effect_runner_sin_cos_i
                0x0000000008007f94       0xcc .build/obj_nuphy_air75_v2_ansi_via/quantum/rgb_matrix/rgb_matrix.o
                0x0000000008007f94                effect_runner_sin_cos_i
 .text.DUAL_BEACON
                0x0000000008008060       0x10 .build/obj_nuphy_air75_v2_ansi_via/quantum/rgb_matrix/rgb_matrix.o
                0x0000000008008060                DUAL_BEACON
 .text.RAINBOW_BEACON
                0x0000000008008070       0x10 .build/obj_nuphy_air75_v2_ansi_via/quantum/rgb_matrix/rgb_matrix.o
                0x0000000008008070                RAINBOW_BEACON
 .text.RAINBOW_PINWHEELS
                0x0000000008008080       0x10 .build/obj_nuphy_air75_v2_ansi_via/quantum/rgb_matrix/rgb_matrix.o
                0x0000000008008080                RAINBOW_PINWHEELS
 .text.effect_runner_reactive
                0x0000000008008090       0xfc .build/obj_nuphy_air75_v2_ansi_via/quantum/rgb_matrix/rgb_matrix.o
                0x0000000008008090                effect_runner_reactive
 .text.SOLID_REACTIVE_SIMPLE
                0x000000000800818c       0x10 .build/obj_nuphy_air75_v2_ansi_via/quantum/rgb_matrix/rgb_matrix.o
                0x000000000800818c                SOLID_REACTIVE_SIMPLE
 .text.SOLID_REACTIVE
                0x000000000800819c       0x10 .build/obj_nuphy_air75_v2_ansi_via/quantum/rgb_matrix/rgb_matrix.o
                0x000000000800819c                SOLID_REACTIVE
 .text.effect_runner_reactive_splash
                0x00000000080081ac      0x13c .build/obj_nuphy_air75_v2_ansi_via/quantum/rgb_matrix/rgb_matrix.o
                0x00000000080081ac                effect_runner_reactive_splash
 .text.SOLID_REACTIVE_WIDE
                0x00000000080082e8       0x24 .build/obj_nuphy_air75_v2_ansi_via/quantum/rgb_matrix/rgb_matrix.o
                0x00000000080082e8                SOLID_REACTIVE_WIDE
 .text.SOLID_REACTIVE_MULTIWIDE